<html>
<body>
<pre>
<h1>µVision Build Log</h1>
<h2>Project:</h2>
C:\Users\Greter\Desktop\6050_DMP\USER\main.uvproj
Project File Date:  05/14/2017

<h2>Output:</h2>
Build target 'Target 1'
compiling main.c...
main.c(10): warning:  #177-D: variable "ID" was declared but never referenced
main.c(12): warning:  #177-D: variable "temp" was declared but never referenced
compiling stm32f10x_it.c...
compiling system_stm32f10x.c...
compiling core_cm3.c...
assembling startup_stm32f10x_md.s...
compiling misc.c...
compiling stm32f10x_gpio.c...
compiling stm32f10x_rcc.c...
compiling stm32f10x_usart.c...
compiling stm32f10x_spi.c...
compiling delay.c...
compiling sys.c...
compiling usart.c...
compiling MPU6050.c...
compiling IOI2C.c...
compiling inv_mpu_dmp_motion_driver.c...
compiling inv_mpu.c...
linking...
Program Size: Code=30722 RO-data=3910 RW-data=112 ZI-data=3024  
FromELF: creating hex file...
"..\OBJ\main.axf" - 0 Errors, 2 Warning(s).
Build target 'Target 1'
compiling main.c...
linking...
Program Size: Code=30722 RO-data=3910 RW-data=112 ZI-data=3024  
FromELF: creating hex file...
"..\OBJ\main.axf" - 0 Errors, 0 Warning(s).
Build target 'Target 1'
compiling main.c...
linking...
Program Size: Code=30722 RO-data=3910 RW-data=112 ZI-data=3024  
FromELF: creating hex file...
"..\OBJ\main.axf" - 0 Errors, 0 Warning(s).
Build target 'Target 1'
compiling MPU6050.c...
linking...
Program Size: Code=30722 RO-data=3910 RW-data=112 ZI-data=3024  
FromELF: creating hex file...
"..\OBJ\main.axf" - 0 Errors, 0 Warning(s).
