Component: ARM Compiler 5.05 update 1 (build 106) Tool: armlink [4d0efa]

==============================================================================

Section Cross References

    main.o(.text) refers to _printf_percent.o(.ARM.Collect$$_printf_percent$$00000000) for _printf_percent
    main.o(.text) refers to _printf_d.o(.ARM.Collect$$_printf_percent$$00000009) for _printf_d
    main.o(.text) refers to _printf_dec.o(.text) for _printf_int_dec
    main.o(.text) refers to _printf_f.o(.ARM.Collect$$_printf_percent$$00000003) for _printf_f
    main.o(.text) refers to printf1.o(x$fpl$printf1) for _printf_fp_dec
    main.o(.text) refers to delay.o(.text) for delay_init
    main.o(.text) refers to ioi2c.o(.text) for IIC_Init
    main.o(.text) refers to sys.o(.text) for NVIC_Configuration
    main.o(.text) refers to usart.o(.text) for uart_init
    main.o(.text) refers to mpu6050.o(.text) for DMP_Init
    main.o(.text) refers to noretval__2printf.o(.text) for __2printf
    main.o(.text) refers to f2d.o(x$fpl$f2d) for __aeabi_f2d
    system_stm32f10x.o(.text) refers to system_stm32f10x.o(.data) for SystemCoreClock
    startup_stm32f10x_md.o(STACK) refers (Special) to heapauxi.o(.text) for __use_two_region_memory
    startup_stm32f10x_md.o(HEAP) refers (Special) to heapauxi.o(.text) for __use_two_region_memory
    startup_stm32f10x_md.o(RESET) refers (Special) to heapauxi.o(.text) for __use_two_region_memory
    startup_stm32f10x_md.o(RESET) refers to startup_stm32f10x_md.o(STACK) for __initial_sp
    startup_stm32f10x_md.o(RESET) refers to startup_stm32f10x_md.o(.text) for Reset_Handler
    startup_stm32f10x_md.o(RESET) refers to stm32f10x_it.o(.text) for NMI_Handler
    startup_stm32f10x_md.o(RESET) refers to usart.o(.text) for USART1_IRQHandler
    startup_stm32f10x_md.o(.text) refers (Special) to heapauxi.o(.text) for __use_two_region_memory
    startup_stm32f10x_md.o(.text) refers to system_stm32f10x.o(.text) for SystemInit
    startup_stm32f10x_md.o(.text) refers to __main.o(!!!main) for __main
    startup_stm32f10x_md.o(.text) refers to startup_stm32f10x_md.o(HEAP) for Heap_Mem
    startup_stm32f10x_md.o(.text) refers to startup_stm32f10x_md.o(STACK) for Stack_Mem
    stm32f10x_gpio.o(.text) refers to stm32f10x_rcc.o(.text) for RCC_APB2PeriphResetCmd
    stm32f10x_rcc.o(.text) refers to stm32f10x_rcc.o(.data) for APBAHBPrescTable
    stm32f10x_usart.o(.text) refers to stm32f10x_rcc.o(.text) for RCC_APB2PeriphResetCmd
    stm32f10x_spi.o(.text) refers to stm32f10x_rcc.o(.text) for RCC_APB2PeriphResetCmd
    delay.o(.text) refers to misc.o(.text) for SysTick_CLKSourceConfig
    delay.o(.text) refers to system_stm32f10x.o(.data) for SystemCoreClock
    delay.o(.text) refers to delay.o(.data) for fac_us
    sys.o(.text) refers to misc.o(.text) for NVIC_PriorityGroupConfig
    usart.o(.text) refers (Special) to use_no_semi_2.o(.text) for __use_no_semihosting
    usart.o(.text) refers to stm32f10x_rcc.o(.text) for RCC_APB2PeriphClockCmd
    usart.o(.text) refers to stm32f10x_gpio.o(.text) for GPIO_Init
    usart.o(.text) refers to misc.o(.text) for NVIC_Init
    usart.o(.text) refers to stm32f10x_usart.o(.text) for USART_Init
    usart.o(.text) refers to usart.o(.data) for USART_RX_STA
    usart.o(.text) refers to usart.o(.bss) for USART_RX_BUF
    usart.o(.bss) refers (Special) to use_no_semi_2.o(.text) for __use_no_semihosting
    usart.o(.data) refers (Special) to use_no_semi_2.o(.text) for __use_no_semihosting
    mpu6050.o(.text) refers to inv_mpu.o(.text) for mpu_run_self_test
    mpu6050.o(.text) refers to fflt_clz.o(x$fpl$fflt) for __aeabi_i2f
    mpu6050.o(.text) refers to fmul.o(x$fpl$fmul) for __aeabi_fmul
    mpu6050.o(.text) refers to ffix.o(x$fpl$ffix) for __aeabi_f2iz
    mpu6050.o(.text) refers to inv_mpu_dmp_motion_driver.o(.text) for dmp_set_gyro_bias
    mpu6050.o(.text) refers to noretval__2printf.o(.text) for __2printf
    mpu6050.o(.text) refers to ioi2c.o(.text) for IICwriteBits
    mpu6050.o(.text) refers to fdiv.o(x$fpl$fdiv) for __aeabi_fdiv
    mpu6050.o(.text) refers to mpu6050.o(.bss) for MPU6050_FIFO
    mpu6050.o(.text) refers to mpu6050.o(.data) for gyro_orientation
    mpu6050.o(.text) refers to faddsub_clz.o(x$fpl$fadd) for __aeabi_fadd
    mpu6050.o(.text) refers to f2d.o(x$fpl$f2d) for __aeabi_f2d
    mpu6050.o(.text) refers to asin.o(i.asin) for asin
    mpu6050.o(.text) refers to d2f.o(x$fpl$d2f) for __aeabi_d2f
    mpu6050.o(.text) refers to dmul.o(x$fpl$dmul) for __aeabi_dmul
    mpu6050.o(.text) refers to faddsub_clz.o(x$fpl$fsub) for __aeabi_fsub
    mpu6050.o(.text) refers to atan2.o(i.atan2) for atan2
    mpu6050.o(.text) refers to frleqf.o(x$fpl$frleqf) for __aeabi_cfrcmple
    mpu6050.o(.text) refers to daddsub_clz.o(x$fpl$dadd) for __aeabi_dadd
    ioi2c.o(.text) refers to stm32f10x_rcc.o(.text) for RCC_APB2PeriphClockCmd
    ioi2c.o(.text) refers to stm32f10x_gpio.o(.text) for GPIO_Init
    ioi2c.o(.text) refers to delay.o(.text) for delay_us
[...]
    !!handler_zi                             0x08000144   Section       28  __scatter_zi.o(!!handler_zi)
    .ARM.Collect$$_printf_percent$$00000000  0x08000160   Section        0  _printf_percent.o(.ARM.Collect$$_printf_percent$$00000000)
    .ARM.Collect$$_printf_percent$$00000003  0x08000160   Section        6  _printf_f.o(.ARM.Collect$$_printf_percent$$00000003)
    .ARM.Collect$$_printf_percent$$00000009  0x08000166   Section        6  _printf_d.o(.ARM.Collect$$_printf_percent$$00000009)
    .ARM.Collect$$_printf_percent$$00000017  0x0800016c   Section        4  _printf_percent_end.o(.ARM.Collect$$_printf_percent$$00000017)
    .ARM.Collect$$libinit$$00000000          0x08000170   Section        2  libinit.o(.ARM.Collect$$libinit$$00000000)
    .ARM.Collect$$libinit$$00000002          0x08000172   Section        0  libinit2.o(.ARM.Collect$$libinit$$00000002)
    .ARM.Collect$$libinit$$00000004          0x08000172   Section        0  libinit2.o(.ARM.Collect$$libinit$$00000004)
    .ARM.Collect$$libinit$$0000000A          0x08000172   Section        0  libinit2.o(.ARM.Collect$$libinit$$0000000A)
    .ARM.Collect$$libinit$$0000000C          0x08000172   Section        0  libinit2.o(.ARM.Collect$$libinit$$0000000C)
    .ARM.Collect$$libinit$$0000000E          0x08000172   Section        0  libinit2.o(.ARM.Collect$$libinit$$0000000E)
    .ARM.Collect$$libinit$$0000000F          0x08000172   Section        6  libinit2.o(.ARM.Collect$$libinit$$0000000F)
    .ARM.Collect$$libinit$$00000011          0x08000178   Section        0  libinit2.o(.ARM.Collect$$libinit$$00000011)
    .ARM.Collect$$libinit$$00000013          0x08000178   Section        0  libinit2.o(.ARM.Collect$$libinit$$00000013)
    .ARM.Collect$$libinit$$00000015          0x08000178   Section        0  libinit2.o(.ARM.Collect$$libinit$$00000015)
    .ARM.Collect$$libinit$$00000016          0x08000178   Section       10  libinit2.o(.ARM.Collect$$libinit$$00000016)
    .ARM.Collect$$libinit$$00000017          0x08000182   Section        0  libinit2.o(.ARM.Collect$$libinit$$00000017)
    .ARM.Collect$$libinit$$00000019          0x08000182   Section        0  libinit2.o(.ARM.Collect$$libinit$$00000019)
    .ARM.Collect$$libinit$$0000001B          0x08000182   Section        0  libinit2.o(.ARM.Collect$$libinit$$0000001B)
    .ARM.Collect$$libinit$$0000001D          0x08000182   Section        0  libinit2.o(.ARM.Collect$$libinit$$0000001D)
    .ARM.Collect$$libinit$$0000001F          0x08000182   Section        0  libinit2.o(.ARM.Collect$$libinit$$0000001F)
    .ARM.Collect$$libinit$$00000021          0x08000182   Section        0  libinit2.o(.ARM.Collect$$libinit$$00000021)
    .ARM.Collect$$libinit$$00000023          0x08000182   Section        0  libinit2.o(.ARM.Collect$$libinit$$00000023)
    .ARM.Collect$$libinit$$00000025          0x08000182   Section        0  libinit2.o(.ARM.Collect$$libinit$$00000025)
    .ARM.Collect$$libinit$$0000002C          0x08000182   Section        0  libinit2.o(.ARM.Collect$$libinit$$0000002C)
    .ARM.Collect$$libinit$$0000002E          0x08000182   Section        0  libinit2.o(.ARM.Collect$$libinit$$0000002E)
    .ARM.Collect$$libinit$$00000030          0x08000182   Section        0  libinit2.o(.ARM.Collect$$libinit$$00000030)
    .ARM.Collect$$libinit$$00000032          0x08000182   Section        0  libinit2.o(.ARM.Collect$$libinit$$00000032)
    .ARM.Collect$$libinit$$00000033          0x08000182   Section        2  libinit2.o(.ARM.Collect$$libinit$$00000033)
    .ARM.Collect$$libshutdown$$00000000      0x08000184   Section        2  libshutdown.o(.ARM.Collect$$libshutdown$$00000000)
    .ARM.Collect$$libshutdown$$00000003      0x08000186   Section        0  libshutdown2.o(.ARM.Collect$$libshutdown$$00000003)
    .ARM.Collect$$libshutdown$$00000006      0x08000186   Section        0  libshutdown2.o(.ARM.Collect$$libshutdown$$00000006)
    .ARM.Collect$$libshutdown$$00000009      0x08000186   Section        0  libshutdown2.o(.ARM.Collect$$libshutdown$$00000009)
    .ARM.Collect$$libshutdown$$0000000B      0x08000186   Section        0  libshutdown2.o(.ARM.Collect$$libshutdown$$0000000B)
    .ARM.Collect$$libshutdown$$0000000E      0x08000186   Section        0  libshutdown2.o(.ARM.Collect$$libshutdown$$0000000E)
    .ARM.Collect$$libshutdown$$0000000F      0x08000186   Section        2  libshutdown2.o(.ARM.Collect$$libshutdown$$0000000F)
    .ARM.Collect$$rtentry$$00000000          0x08000188   Section        0  __rtentry.o(.ARM.Collect$$rtentry$$00000000)
    .ARM.Collect$$rtentry$$00000002          0x08000188   Section        0  __rtentry2.o(.ARM.Collect$$rtentry$$00000002)
    .ARM.Collect$$rtentry$$00000004          0x08000188   Section        6  __rtentry4.o(.ARM.Collect$$rtentry$$00000004)
    .ARM.Collect$$rtentry$$00000009          0x0800018e   Section        0  __rtentry2.o(.ARM.Collect$$rtentry$$00000009)
    .ARM.Collect$$rtentry$$0000000A          0x0800018e   Section        4  __rtentry2.o(.ARM.Collect$$rtentry$$0000000A)
    .ARM.Collect$$rtentry$$0000000C          0x08000192   Section        0  __rtentry2.o(.ARM.Collect$$rtentry$$0000000C)
    .ARM.Collect$$rtentry$$0000000D          0x08000192   Section        8  __rtentry2.o(.ARM.Collect$$rtentry$$0000000D)
    .ARM.Collect$$rtexit$$00000000           0x0800019a   Section        2  rtexit.o(.ARM.Collect$$rtexit$$00000000)
    .ARM.Collect$$rtexit$$00000002           0x0800019c   Section        0  rtexit2.o(.ARM.Collect$$rtexit$$00000002)
    .ARM.Collect$$rtexit$$00000003           0x0800019c   Section        4  rtexit2.o(.ARM.Collect$$rtexit$$00000003)
    .ARM.Collect$$rtexit$$00000004           0x080001a0   Section        6  rtexit2.o(.ARM.Collect$$rtexit$$00000004)
    .text                                    0x080001a8   Section        0  main.o(.text)
    .text                                    0x08000244   Section        0  stm32f10x_it.o(.text)
    .text                                    0x0800025c   Section        0  system_stm32f10x.o(.text)
    SetSysClockTo72                          0x0800025d   Thumb Code   214  system_stm32f10x.o(.text)
    SetSysClock                              0x08000333   Thumb Code     8  system_stm32f10x.o(.text)
    .text                                    0x0800043c   Section       64  startup_stm32f10x_md.o(.text)
    .text                                    0x0800047c   Section        0  misc.o(.text)
    .text                                    0x08000558   Section        0  stm32f10x_gpio.o(.text)
    .text                                    0x080008b4   Section        0  stm32f10x_rcc.o(.text)
    .text                                    0x08000c58   Section        0  stm32f10x_usart.o(.text)
    .text                                    0x08001060   Section        0  delay.o(.text)
    .text                                    0x08001134   Section        0  sys.o(.text)
    .text                                    0x08001140   Section        0  usart.o(.text)
    .text                                    0x08001280   Section        0  mpu6050.o(.text)
    inv_row_2_scale                          0x08001281   Thumb Code    78  mpu6050.o(.text)
    inv_orientation_matrix_to_scalar         0x080012cf   Thumb Code    40  mpu6050.o(.text)
    run_self_test                            0x080012f7   Thumb Code   150  mpu6050.o(.text)
    .text                                    0x08001b40   Section        0  ioi2c.o(.text)
    .text                                    0x08002048   Section        0  inv_mpu_dmp_motion_driver.o(.text)
    decode_gesture                           0x08002afd   Thumb Code    94  inv_mpu_dmp_motion_driver.o(.text)
    .text                                    0x08002db8   Section        0  inv_mpu.o(.text)
    set_int_enable                           0x08002db9   Thumb Code   138  inv_mpu.o(.text)
    get_accel_prod_shift                     0x08004001   Thumb Code   168  inv_mpu.o(.text)
    accel_self_test                          0x080040a9   Thumb Code   164  inv_mpu.o(.text)
    gyro_self_test                           0x0800414d   Thumb Code   280  inv_mpu.o(.text)
    get_st_biases                            0x08004265   Thumb Code  1136  inv_mpu.o(.text)
    .text                                    0x08004c48   Section        2  use_no_semi_2.o(.text)
    .text                                    0x08004c4a   Section       72  llsdiv.o(.text)
    .text                                    0x08004c94   Section        0  noretval__2printf.o(.text)
    .text                                    0x08004cac   Section        0  __printf.o(.text)
    .text                                    0x08004d14   Section        0  _printf_dec.o(.text)
    .text                                    0x08004d8c   Section        0  memcmp.o(.text)
    .text                                    0x08004de4   Section       16  aeabi_memset.o(.text)
    .text                                    0x08004df4   Section        0  heapauxi.o(.text)
    .text                                    0x08004dfa   Section        2  use_no_semi.o(.text)
    .text                                    0x08004dfc   Section      238  lludivv7m.o(.text)
    .text                                    0x08004eea   Section        0  _rserrno.o(.text)
    .text                                    0x08004f00   Section        0  _printf_intcommon.o(.text)
    .text                                    0x08004fb2   Section        0  _printf_fp_dec.o(.text)
    _fp_digits                               0x08004fb5   Thumb Code   428  _printf_fp_dec.o(.text)
    .text                                    0x080053cc   Section        0  _printf_char_file.o(.text)
    .text                                    0x080053f0   Section       68  rt_memclr.o(.text)
    .text                                    0x08005434   Section        8  rt_locale_intlibspace.o(.text)
    .text                                    0x0800543c   Section        8  rt_errno_addr_intlibspace.o(.text)
    .text                                    0x08005444   Section      138  lludiv10.o(.text)
    .text                                    0x080054d0   Section        0  _printf_char_common.o(.text)
    _printf_input_char                       0x080054d1   Thumb Code    10  _printf_char_common.o(.text)
    .text                                    0x08005500   Section        0  _printf_fp_infnan.o(.text)
    .text                                    0x08005580   Section        0  bigflt0.o(.text)
    .text                                    0x0800565c   Section        0  ferror.o(.text)
    .text                                    0x08005664   Section       78  rt_memclr_w.o(.text)
    .text                                    0x080056b4   Section        8  libspace.o(.text)
    .text                                    0x080056bc   Section       74  sys_stackheap_outer.o(.text)
    .text                                    0x08005706   Section        0  exit.o(.text)
    .text                                    0x08005714   Section      128  strcmpv7m.o(.text)
    CL$$btod_d2e                             0x08005794   Section       62  btod.o(CL$$btod_d2e)
    CL$$btod_d2e_denorm_low                  0x080057d2   Section       70  btod.o(CL$$btod_d2e_denorm_low)
    CL$$btod_d2e_norm_op1                    0x08005818   Section       96  btod.o(CL$$btod_d2e_norm_op1)
    CL$$btod_div_common                      0x08005878   Section      824  btod.o(CL$$btod_div_common)
    CL$$btod_e2e                             0x08005bb0   Section      198  btod.o(CL$$btod_e2e)
    CL$$btod_ediv                            0x08005c76   Section       40  btod.o(CL$$btod_ediv)
    CL$$btod_emul                            0x08005c9e   Section       40  btod.o(CL$$btod_emul)
    CL$$btod_mult_common                     0x08005cc6   Section      580  btod.o(CL$$btod_mult_common)
    i.__ARM_fpclassify                       0x08005f0a   Section        0  fpclassify.o(i.__ARM_fpclassify)
    i.__kernel_poly                          0x08005f32   Section        0  poly.o(i.__kernel_poly)
    i.__mathlib_dbl_infnan                   0x08005fdc   Section        0  dunder.o(i.__mathlib_dbl_infnan)
    i.__mathlib_dbl_infnan2                  0x08005fe2   Section        0  dunder.o(i.__mathlib_dbl_infnan2)
    i.__mathlib_dbl_invalid                  0x08005fe6   Section        0  dunder.o(i.__mathlib_dbl_invalid)
    i.__mathlib_dbl_underflow                0x08005ff4   Section        0  dunder.o(i.__mathlib_dbl_underflow)
    i.asin                                   0x08006004   Section        0  asin.o(i.asin)
    i.atan                                   0x08006274   Section        0  atan.o(i.atan)
    i.atan2                                  0x08006494   Section        0  atan2.o(i.atan2)
    i.sqrt                                   0x08006614   Section        0  sqrt.o(i.sqrt)
    locale$$code                             0x08006660   Section       44  lc_numeric_c.o(locale$$code)
    x$fpl$d2f                                0x0800668c   Section       98  d2f.o(x$fpl$d2f)
    x$fpl$dadd                               0x080066f0   Section      336  daddsub_clz.o(x$fpl$dadd)
    _dadd1                                   0x08006701   Thumb Code     0  daddsub_clz.o(x$fpl$dadd)
    x$fpl$dcheck1                            0x08006840   Section       16  dcheck1.o(x$fpl$dcheck1)
    x$fpl$ddiv                               0x08006850   Section      688  ddiv.o(x$fpl$ddiv)
    ddiv_entry                               0x08006857   Thumb Code     0  ddiv.o(x$fpl$ddiv)
    x$fpl$dmul                               0x08006b00   Section      340  dmul.o(x$fpl$dmul)
    x$fpl$dnaninf                            0x08006c54   Section      156  dnaninf.o(x$fpl$dnaninf)
    x$fpl$dretinf                            0x08006cf0   Section       12  dretinf.o(x$fpl$dretinf)
    x$fpl$drsb                               0x08006cfc   Section       22  daddsub_clz.o(x$fpl$drsb)
    x$fpl$dsqrt                              0x08006d14   Section      460  dsqrt_noumaal.o(x$fpl$dsqrt)
    x$fpl$dsub                               0x08006ee0   Section      468  daddsub_clz.o(x$fpl$dsub)
    _dsub1                                   0x08006ef1   Thumb Code     0  daddsub_clz.o(x$fpl$dsub)
    x$fpl$f2d                                0x080070b4   Section       86  f2d.o(x$fpl$f2d)
    x$fpl$fadd                               0x0800710c   Section      196  faddsub_clz.o(x$fpl$fadd)
    _fadd1                                   0x0800711b   Thumb Code     0  faddsub_clz.o(x$fpl$fadd)
    x$fpl$fcmpinf                            0x080071d0   Section       24  fcmpi.o(x$fpl$fcmpinf)
    x$fpl$fdiv                               0x080071e8   Section      388  fdiv.o(x$fpl$fdiv)
    _fdiv1                                   0x080071e9   Thumb Code     0  fdiv.o(x$fpl$fdiv)
    x$fpl$feqf                               0x0800736c   Section      104  feqf.o(x$fpl$feqf)
    x$fpl$ffix                               0x080073d4   Section       54  ffix.o(x$fpl$ffix)
    x$fpl$ffixu                              0x0800740c   Section       62  ffixu.o(x$fpl$ffixu)
    x$fpl$fflt                               0x0800744c   Section       48  fflt_clz.o(x$fpl$fflt)
    x$fpl$ffltu                              0x0800747c   Section       38  fflt_clz.o(x$fpl$ffltu)
    x$fpl$fleqf                              0x080074a4   Section      104  fleqf.o(x$fpl$fleqf)
    x$fpl$fmul                               0x0800750c   Section      258  fmul.o(x$fpl$fmul)
    x$fpl$fnaninf                            0x0800760e   Section      140  fnaninf.o(x$fpl$fnaninf)
    x$fpl$fretinf                            0x0800769a   Section       10  fretinf.o(x$fpl$fretinf)
    x$fpl$frleqf                             0x080076a4   Section       98  frleqf.o(x$fpl$frleqf)
    x$fpl$fsub                               0x08007708   Section      234  faddsub_clz.o(x$fpl$fsub)
    _fsub1                                   0x08007717   Thumb Code     0  faddsub_clz.o(x$fpl$fsub)
    x$fpl$printf1                            0x080077f2   Section        4  printf1.o(x$fpl$printf1)
    x$fpl$retnan                             0x080077f6   Section      100  retnan.o(x$fpl$retnan)
    x$fpl$scalbn                             0x0800785a   Section       92  scalbn.o(x$fpl$scalbn)
    x$fpl$trapveneer                         0x080078b6   Section       48  trapv.o(x$fpl$trapveneer)
    .constdata                               0x080078e6   Section     3062  inv_mpu_dmp_motion_driver.o(.constdata)
    x$fpl$usenofp                            0x080078e6   Section        0  usenofp.o(x$fpl$usenofp)
    dmp_memory                               0x080078e6   Data        3062  inv_mpu_dmp_motion_driver.o(.constdata)
    .constdata                               0x080084dc   Section       80  inv_mpu.o(.constdata)
    .constdata                               0x08008530   Section       80  asin.o(.constdata)
    pS                                       0x08008530   Data          48  asin.o(.constdata)
    qS                                       0x08008560   Data          32  asin.o(.constdata)
    .constdata                               0x08008580   Section      152  atan.o(.constdata)
    atanhi                                   0x08008580   Data          32  atan.o(.constdata)
    atanlo                                   0x080085a0   Data          32  atan.o(.constdata)
    aTodd                                    0x080085c0   Data          40  atan.o(.constdata)
    aTeven                                   0x080085e8   Data          48  atan.o(.constdata)
    .constdata                               0x08008618   Section        8  qnan.o(.constdata)
    .constdata                               0x08008620   Section      148  bigflt0.o(.constdata)
    tenpwrs_x                                0x08008620   Data          60  bigflt0.o(.constdata)
    tenpwrs_i                                0x0800865c   Data          64  bigflt0.o(.constdata)
    .conststring                             0x080086b4   Section       78  inv_mpu.o(.conststring)
    locale$$data                             0x08008724   Section       28  lc_numeric_c.o(locale$$data)
    __lcnum_c_name                           0x08008728   Data           2  lc_numeric_c.o(locale$$data)
    __lcnum_c_start                          0x08008730   Data           0  lc_numeric_c.o(locale$$data)
    __lcnum_c_point                          0x0800873c   Data           0  lc_numeric_c.o(locale$$data)
    __lcnum_c_thousands                      0x0800873e   Data           0  lc_numeric_c.o(locale$$data)
    __lcnum_c_grouping                       0x0800873f   Data           0  lc_numeric_c.o(locale$$data)
    __lcnum_c_end                            0x08008740   Data           0  lc_numeric_c.o(locale$$data)
    .data                                    0x20000000   Section       20  system_stm32f10x.o(.data)
    .data                                    0x20000014   Section       20  stm32f10x_rcc.o(.data)
    APBAHBPrescTable                         0x20000014   Data          16  stm32f10x_rcc.o(.data)
    ADCPrescTable                            0x20000024   Data           4  stm32f10x_rcc.o(.data)
    .data                                    0x20000028   Section        4  delay.o(.data)
    fac_us                                   0x20000028   Data           1  delay.o(.data)
    fac_ms                                   0x2000002a   Data           2  delay.o(.data)
    .data                                    0x2000002c   Section        6  usart.o(.data)
    .data                                    0x20000032   Section       16  mpu6050.o(.data)
    gyro_orientation                         0x20000032   Data           9  mpu6050.o(.data)
    .data                                    0x20000044   Section       44  inv_mpu.o(.data)
    st                                       0x20000044   Data          44  inv_mpu.o(.data)
    .bss                                     0x20000070   Section      200  usart.o(.bss)
    .bss                                     0x20000138   Section      146  mpu6050.o(.bss)
    .bss                                     0x200001cc   Section       16  inv_mpu_dmp_motion_driver.o(.bss)
    dmp                                      0x200001cc   Data          16  inv_mpu_dmp_motion_driver.o(.bss)
    .bss                                     0x200001dc   Section       96  libspace.o(.bss)
    HEAP                                     0x20000240   Section      512  startup_stm32f10x_md.o(HEAP)
    Heap_Mem                                 0x20000240   Data         512  startup_stm32f10x_md.o(HEAP)
    STACK                                    0x20000440   Section     2048  startup_stm32f10x_md.o(STACK)
    Stack_Mem                                0x20000440   Data        2048  startup_stm32f10x_md.o(STACK)
    __initial_sp                             0x20000c40   Data           0  startup_stm32f10x_md.o(STACK)

    Global Symbols

    Symbol Name                              Value     Ov Type        Size  Object(Section)

    BuildAttributes$$THM_ISAv4$P$D$K$B$S$PE$A:L22UL41UL21$X:L11$S22US41US21$IEEE1$IW$USESV6$~STKCKD$USESV7$~SHL$OTIME$ROPI$IEEEX$EBA8$UX$STANDARDLIB$REQ8$PRES8$EABIv2 0x00000000   Number         0  anon$$obj.o ABSOLUTE
    __ARM_use_no_argv                        0x00000000   Number         0  main.o ABSOLUTE
    __ARM_exceptions_init                     - Undefined Weak Reference
    __alloca_initialize                       - Undefined Weak Reference
    __arm_preinit_                            - Undefined Weak Reference
    __cpp_initialize__aeabi_                  - Undefined Weak Reference
    __cxa_finalize                            - Undefined Weak Reference
    __sigvec_lookup                           - Undefined Weak Reference
    _atexit_init                              - Undefined Weak Reference
    _call_atexit_fns                          - Undefined Weak Reference
    _clock_init                               - Undefined Weak Reference
    _fp_trap_init                             - Undefined Weak Reference
    _fp_trap_shutdown                         - Undefined Weak Reference
    _get_lc_collate                           - Undefined Weak Reference
    _get_lc_ctype                             - Undefined Weak Reference
    _get_lc_monetary                          - Undefined Weak Reference
    _get_lc_time                              - Undefined Weak Reference
    _getenv_init                              - Undefined Weak Reference
    _handle_redirection                       - Undefined Weak Reference
    _init_alloc                               - Undefined Weak Reference
    _init_user_alloc                          - Undefined Weak Reference
    _initio                                   - Undefined Weak Reference
    _mutex_acquire                            - Undefined Weak Reference
    _mutex_release                            - Undefined Weak Reference
    _printf_post_padding                      - Undefined Weak Reference
    _printf_pre_padding                       - Undefined Weak Reference
    _printf_truncate_signed                   - Undefined Weak Reference
    _printf_truncate_unsigned                 - Undefined Weak Reference
    _rand_init                                - Undefined Weak Reference
    _signal_finish                            - Undefined Weak Reference
    _signal_init                              - Undefined Weak Reference
    _terminate_alloc                          - Undefined Weak Reference
    _terminate_user_alloc                     - Undefined Weak Reference
    _terminateio                              - Undefined Weak Reference
    __Vectors_Size                           0x000000ec   Number         0  startup_stm32f10x_md.o ABSOLUTE
    __Vectors                                0x08000000   Data           4  startup_stm32f10x_md.o(RESET)
    __Vectors_End                            0x080000ec   Data           0  startup_stm32f10x_md.o(RESET)
    __main                                   0x080000ed   Thumb Code     8  __main.o(!!!main)
    __scatterload                            0x080000f5   Thumb Code     0  __scatter.o(!!!scatter)
    __scatterload_rt2                        0x080000f5   Thumb Code    44  __scatter.o(!!!scatter)
    __scatterload_rt2_thumb_only             0x080000f5   Thumb Code     0  __scatter.o(!!!scatter)
    __scatterload_null                       0x08000103   Thumb Code     0  __scatter.o(!!!scatter)
    __scatterload_copy                       0x08000129   Thumb Code    26  __scatter_copy.o(!!handler_copy)
    __scatterload_zeroinit                   0x08000145   Thumb Code    28  __scatter_zi.o(!!handler_zi)
    _printf_f                                0x08000161   Thumb Code     0  _printf_f.o(.ARM.Collect$$_printf_percent$$00000003)
    _printf_percent                          0x08000161   Thumb Code     0  _printf_percent.o(.ARM.Collect$$_printf_percent$$00000000)
    _printf_d                                0x08000167   Thumb Code     0  _printf_d.o(.ARM.Collect$$_printf_percent$$00000009)
    _printf_percent_end                      0x0800016d   Thumb Code     0  _printf_percent_end.o(.ARM.Collect$$_printf_percent$$00000017)
    __rt_lib_init                            0x08000171   Thumb Code     0  libinit.o(.ARM.Collect$$libinit$$00000000)
    __rt_lib_init_fp_1                       0x08000173   Thumb Code     0  libinit2.o(.ARM.Collect$$libinit$$00000002)
    __rt_lib_init_heap_1                     0x08000173   Thumb Code     0  libinit2.o(.ARM.Collect$$libinit$$0000000A)
    __rt_lib_init_lc_common                  0x08000173   Thumb Code     0  libinit2.o(.ARM.Collect$$libinit$$0000000F)
    __rt_lib_init_preinit_1                  0x08000173   Thumb Code     0  libinit2.o(.ARM.Collect$$libinit$$00000004)
    __rt_lib_init_rand_1                     0x08000173   Thumb Code     0  libinit2.o(.ARM.Collect$$libinit$$0000000E)
    __rt_lib_init_user_alloc_1               0x08000173   Thumb Code     0  libinit2.o(.ARM.Collect$$libinit$$0000000C)
    __rt_lib_init_lc_collate_1               0x08000179   Thumb Code     0  libinit2.o(.ARM.Collect$$libinit$$00000011)
    __rt_lib_init_lc_ctype_1                 0x08000179   Thumb Code     0  libinit2.o(.ARM.Collect$$libinit$$00000013)
    __rt_lib_init_lc_monetary_1              0x08000179   Thumb Code     0  libinit2.o(.ARM.Collect$$libinit$$00000015)
    __rt_lib_init_lc_numeric_2               0x08000179   Thumb Code     0  libinit2.o(.ARM.Collect$$libinit$$00000016)
    __rt_lib_init_alloca_1                   0x08000183   Thumb Code     0  libinit2.o(.ARM.Collect$$libinit$$0000002E)
    __rt_lib_init_argv_1                     0x08000183   Thumb Code     0  libinit2.o(.ARM.Collect$$libinit$$0000002C)
    __rt_lib_init_atexit_1                   0x08000183   Thumb Code     0  libinit2.o(.ARM.Collect$$libinit$$0000001B)
    __rt_lib_init_clock_1                    0x08000183   Thumb Code     0  libinit2.o(.ARM.Collect$$libinit$$00000021)
    __rt_lib_init_cpp_1                      0x08000183   Thumb Code     0  libinit2.o(.ARM.Collect$$libinit$$00000032)
    __rt_lib_init_exceptions_1               0x08000183   Thumb Code     0  libinit2.o(.ARM.Collect$$libinit$$00000030)
    __rt_lib_init_fp_trap_1                  0x08000183   Thumb Code     0  libinit2.o(.ARM.Collect$$libinit$$0000001F)
    __rt_lib_init_getenv_1                   0x08000183   Thumb Code     0  libinit2.o(.ARM.Collect$$libinit$$00000023)
    __rt_lib_init_lc_numeric_1               0x08000183   Thumb Code     0  libinit2.o(.ARM.Collect$$libinit$$00000017)
    __rt_lib_init_lc_time_1                  0x08000183   Thumb Code     0  libinit2.o(.ARM.Collect$$libinit$$00000019)
    __rt_lib_init_return                     0x08000183   Thumb Code     0  libinit2.o(.ARM.Collect$$libinit$$00000033)
    __rt_lib_init_signal_1                   0x08000183   Thumb Code     0  libinit2.o(.ARM.Collect$$libinit$$0000001D)
    __rt_lib_init_stdio_1                    0x08000183   Thumb Code     0  libinit2.o(.ARM.Collect$$libinit$$00000025)
    __rt_lib_shutdown                        0x08000185   Thumb Code     0  libshutdown.o(.ARM.Collect$$libshutdown$$00000000)
    __rt_lib_shutdown_fp_trap_1              0x08000187   Thumb Code     0  libshutdown2.o(.ARM.Collect$$libshutdown$$00000006)
    __rt_lib_shutdown_heap_1                 0x08000187   Thumb Code     0  libshutdown2.o(.ARM.Collect$$libshutdown$$0000000E)
    __rt_lib_shutdown_return                 0x08000187   Thumb Code     0  libshutdown2.o(.ARM.Collect$$libshutdown$$0000000F)
    __rt_lib_shutdown_signal_1               0x08000187   Thumb Code     0  libshutdown2.o(.ARM.Collect$$libshutdown$$00000009)
    __rt_lib_shutdown_stdio_1                0x08000187   Thumb Code     0  libshutdown2.o(.ARM.Collect$$libshutdown$$00000003)
    __rt_lib_shutdown_user_alloc_1           0x08000187   Thumb Code     0  libshutdown2.o(.ARM.Collect$$libshutdown$$0000000B)
    __rt_entry                               0x08000189   Thumb Code     0  __rtentry.o(.ARM.Collect$$rtentry$$00000000)
    __rt_entry_presh_1                       0x08000189   Thumb Code     0  __rtentry2.o(.ARM.Collect$$rtentry$$00000002)
    __rt_entry_sh                            0x08000189   Thumb Code     0  __rtentry4.o(.ARM.Collect$$rtentry$$00000004)
    __rt_entry_li                            0x0800018f   Thumb Code     0  __rtentry2.o(.ARM.Collect$$rtentry$$0000000A)
    __rt_entry_postsh_1                      0x0800018f   Thumb Code     0  __rtentry2.o(.ARM.Collect$$rtentry$$00000009)
    __rt_entry_main                          0x08000193   Thumb Code     0  __rtentry2.o(.ARM.Collect$$rtentry$$0000000D)
    __rt_entry_postli_1                      0x08000193   Thumb Code     0  __rtentry2.o(.ARM.Collect$$rtentry$$0000000C)
    __rt_exit                                0x0800019b   Thumb Code     0  rtexit.o(.ARM.Collect$$rtexit$$00000000)
    __rt_exit_ls                             0x0800019d   Thumb Code     0  rtexit2.o(.ARM.Collect$$rtexit$$00000003)
    __rt_exit_prels_1                        0x0800019d   Thumb Code     0  rtexit2.o(.ARM.Collect$$rtexit$$00000002)
    __rt_exit_exit                           0x080001a1   Thumb Code     0  rtexit2.o(.ARM.Collect$$rtexit$$00000004)
    main                                     0x080001a9   Thumb Code    96  main.o(.text)
    NMI_Handler                              0x08000245   Thumb Code     2  stm32f10x_it.o(.text)
    HardFault_Handler                        0x08000247   Thumb Code     4  stm32f10x_it.o(.text)
    MemManage_Handler                        0x0800024b   Thumb Code     4  stm32f10x_it.o(.text)
    BusFault_Handler                         0x0800024f   Thumb Code     4  stm32f10x_it.o(.text)
    UsageFault_Handler                       0x08000253   Thumb Code     4  stm32f10x_it.o(.text)
    SVC_Handler                              0x08000257   Thumb Code     2  stm32f10x_it.o(.text)
    DebugMon_Handler                         0x08000259   Thumb Code     2  stm32f10x_it.o(.text)
    PendSV_Handler                           0x0800025b   Thumb Code     2  stm32f10x_it.o(.text)
    SystemInit                               0x0800033b   Thumb Code    78  system_stm32f10x.o(.text)
    SystemCoreClockUpdate                    0x08000389   Thumb Code   142  system_stm32f10x.o(.text)
    Reset_Handler                            0x0800043d   Thumb Code     8  startup_stm32f10x_md.o(.text)
    SysTick_Handler                          0x08000455   Thumb Code     2  startup_stm32f10x_md.o(.text)
    ADC1_2_IRQHandler                        0x08000457   Thumb Code     0  startup_stm32f10x_md.o(.text)
    CAN1_RX1_IRQHandler                      0x08000457   Thumb Code     0  startup_stm32f10x_md.o(.text)
    CAN1_SCE_IRQHandler                      0x08000457   Thumb Code     0  startup_stm32f10x_md.o(.text)
    DMA1_Channel1_IRQHandler                 0x08000457   Thumb Code     0  startup_stm32f10x_md.o(.text)
    DMA1_Channel2_IRQHandler                 0x08000457   Thumb Code     0  startup_stm32f10x_md.o(.text)
    DMA1_Channel3_IRQHandler                 0x08000457   Thumb Code     0  startup_stm32f10x_md.o(.text)
    DMA1_Channel4_IRQHandler                 0x08000457   Thumb Code     0  startup_stm32f10x_md.o(.text)
    DMA1_Channel5_IRQHandler                 0x08000457   Thumb Code     0  startup_stm32f10x_md.o(.text)
    DMA1_Channel6_IRQHandler                 0x08000457   Thumb Code     0  startup_stm32f10x_md.o(.text)
    DMA1_Channel7_IRQHandler                 0x08000457   Thumb Code     0  startup_stm32f10x_md.o(.text)
    EXTI0_IRQHandler                         0x08000457   Thumb Code     0  startup_stm32f10x_md.o(.text)
    EXTI15_10_IRQHandler                     0x08000457   Thumb Code     0  startup_stm32f10x_md.o(.text)
    EXTI1_IRQHandler                         0x08000457   Thumb Code     0  startup_stm32f10x_md.o(.text)
    EXTI2_IRQHandler                         0x08000457   Thumb Code     0  startup_stm32f10x_md.o(.text)
    EXTI3_IRQHandler                         0x08000457   Thumb Code     0  startup_stm32f10x_md.o(.text)
    EXTI4_IRQHandler                         0x08000457   Thumb Code     0  startup_stm32f10x_md.o(.text)
    EXTI9_5_IRQHandler                       0x08000457   Thumb Code     0  startup_stm32f10x_md.o(.text)
    FLASH_IRQHandler                         0x08000457   Thumb Code     0  startup_stm32f10x_md.o(.text)
    I2C1_ER_IRQHandler                       0x08000457   Thumb Code     0  startup_stm32f10x_md.o(.text)
    I2C1_EV_IRQHandler                       0x08000457   Thumb Code     0  startup_stm32f10x_md.o(.text)
    I2C2_ER_IRQHandler                       0x08000457   Thumb Code     0  startup_stm32f10x_md.o(.text)
    I2C2_EV_IRQHandler                       0x08000457   Thumb Code     0  startup_stm32f10x_md.o(.text)
    PVD_IRQHandler                           0x08000457   Thumb Code     0  startup_stm32f10x_md.o(.text)
    RCC_IRQHandler                           0x08000457   Thumb Code     0  startup_stm32f10x_md.o(.text)
    RTCAlarm_IRQHandler                      0x08000457   Thumb Code     0  startup_stm32f10x_md.o(.text)
    RTC_IRQHandler                           0x08000457   Thumb Code     0  startup_stm32f10x_md.o(.text)
    SPI1_IRQHandler                          0x08000457   Thumb Code     0  startup_stm32f10x_md.o(.text)
    SPI2_IRQHandler                          0x08000457   Thumb Code     0  startup_stm32f10x_md.o(.text)
    TAMPER_IRQHandler                        0x08000457   Thumb Code     0  startup_stm32f10x_md.o(.text)
    TIM1_BRK_IRQHandler                      0x08000457   Thumb Code     0  startup_stm32f10x_md.o(.text)
    TIM1_CC_IRQHandler                       0x08000457   Thumb Code     0  startup_stm32f10x_md.o(.text)
    TIM1_TRG_COM_IRQHandler                  0x08000457   Thumb Code     0  startup_stm32f10x_md.o(.text)
    TIM1_UP_IRQHandler                       0x08000457   Thumb Code     0  startup_stm32f10x_md.o(.text)
    TIM2_IRQHandler                          0x08000457   Thumb Code     0  startup_stm32f10x_md.o(.text)
    TIM3_IRQHandler                          0x08000457   Thumb Code     0  startup_stm32f10x_md.o(.text)
    TIM4_IRQHandler                          0x08000457   Thumb Code     0  startup_stm32f10x_md.o(.text)
    USART2_IRQHandler                        0x08000457   Thumb Code     0  startup_stm32f10x_md.o(.text)
    USART3_IRQHandler                        0x08000457   Thumb Code     0  startup_stm32f10x_md.o(.text)
    USBWakeUp_IRQHandler                     0x08000457   Thumb Code     0  startup_stm32f10x_md.o(.text)
    USB_HP_CAN1_TX_IRQHandler                0x08000457   Thumb Code     0  startup_stm32f10x_md.o(.text)
    USB_LP_CAN1_RX0_IRQHandler               0x08000457   Thumb Code     0  startup_stm32f10x_md.o(.text)
    WWDG_IRQHandler                          0x08000457   Thumb Code     0  startup_stm32f10x_md.o(.text)
    __user_initial_stackheap                 0x08000459   Thumb Code     0  startup_stm32f10x_md.o(.text)
    NVIC_PriorityGroupConfig                 0x0800047d   Thumb Code    10  misc.o(.text)
    NVIC_Init                                0x08000487   Thumb Code   100  misc.o(.text)
    NVIC_SetVectorTable                      0x080004eb   Thumb Code    14  misc.o(.text)
    NVIC_SystemLPConfig                      0x080004f9   Thumb Code    34  misc.o(.text)
    SysTick_CLKSourceConfig                  0x0800051b   Thumb Code    40  misc.o(.text)
    GPIO_DeInit                              0x08000559   Thumb Code   172  stm32f10x_gpio.o(.text)
    GPIO_AFIODeInit                          0x08000605   Thumb Code    20  stm32f10x_gpio.o(.text)
    GPIO_Init                                0x08000619   Thumb Code   278  stm32f10x_gpio.o(.text)
    GPIO_StructInit                          0x0800072f   Thumb Code    16  stm32f10x_gpio.o(.text)
    GPIO_ReadInputDataBit                    0x0800073f   Thumb Code    18  stm32f10x_gpio.o(.text)
    GPIO_ReadInputData                       0x08000751   Thumb Code     8  stm32f10x_gpio.o(.text)
    GPIO_ReadOutputDataBit                   0x08000759   Thumb Code    18  stm32f10x_gpio.o(.text)
    GPIO_ReadOutputData                      0x0800076b   Thumb Code     8  stm32f10x_gpio.o(.text)
    GPIO_SetBits                             0x08000773   Thumb Code     4  stm32f10x_gpio.o(.text)
    GPIO_ResetBits                           0x08000777   Thumb Code     4  stm32f10x_gpio.o(.text)
    GPIO_WriteBit                            0x0800077b   Thumb Code    10  stm32f10x_gpio.o(.text)
    GPIO_Write                               0x08000785   Thumb Code     4  stm32f10x_gpio.o(.text)
    GPIO_PinLockConfig                       0x08000789   Thumb Code    18  stm32f10x_gpio.o(.text)
    GPIO_EventOutputConfig                   0x0800079b   Thumb Code    26  stm32f10x_gpio.o(.text)
    GPIO_EventOutputCmd                      0x080007b5   Thumb Code     6  stm32f10x_gpio.o(.text)
    GPIO_PinRemapConfig                      0x080007bb   Thumb Code   138  stm32f10x_gpio.o(.text)
    GPIO_EXTILineConfig                      0x08000845   Thumb Code    66  stm32f10x_gpio.o(.text)
    GPIO_ETH_MediaInterfaceConfig            0x08000887   Thumb Code     8  stm32f10x_gpio.o(.text)
    RCC_DeInit                               0x080008b5   Thumb Code    64  stm32f10x_rcc.o(.text)
    RCC_HSEConfig                            0x080008f5   Thumb Code    70  stm32f10x_rcc.o(.text)
    RCC_GetFlagStatus                        0x0800093b   Thumb Code    56  stm32f10x_rcc.o(.text)
    RCC_WaitForHSEStartUp                    0x08000973   Thumb Code    56  stm32f10x_rcc.o(.text)
    RCC_AdjustHSICalibrationValue            0x080009ab   Thumb Code    20  stm32f10x_rcc.o(.text)
    RCC_HSICmd                               0x080009bf   Thumb Code     6  stm32f10x_rcc.o(.text)
    RCC_PLLConfig                            0x080009c5   Thumb Code    24  stm32f10x_rcc.o(.text)
    RCC_PLLCmd                               0x080009dd   Thumb Code     6  stm32f10x_rcc.o(.text)
    RCC_SYSCLKConfig                         0x080009e3   Thumb Code    18  stm32f10x_rcc.o(.text)
    RCC_GetSYSCLKSource                      0x080009f5   Thumb Code    10  stm32f10x_rcc.o(.text)
    RCC_HCLKConfig                           0x080009ff   Thumb Code    18  stm32f10x_rcc.o(.text)
    RCC_PCLK1Config                          0x08000a11   Thumb Code    18  stm32f10x_rcc.o(.text)
    RCC_PCLK2Config                          0x08000a23   Thumb Code    20  stm32f10x_rcc.o(.text)
    RCC_ITConfig                             0x08000a37   Thumb Code    26  stm32f10x_rcc.o(.text)
    RCC_USBCLKConfig                         0x08000a51   Thumb Code     8  stm32f10x_rcc.o(.text)
    RCC_ADCCLKConfig                         0x08000a59   Thumb Code    18  stm32f10x_rcc.o(.text)
    RCC_LSEConfig                            0x08000a6b   Thumb Code    50  stm32f10x_rcc.o(.text)
    RCC_LSICmd                               0x08000a9d   Thumb Code     6  stm32f10x_rcc.o(.text)
    RCC_RTCCLKConfig                         0x08000aa3   Thumb Code    12  stm32f10x_rcc.o(.text)
    RCC_RTCCLKCmd                            0x08000aaf   Thumb Code     8  stm32f10x_rcc.o(.text)
    RCC_GetClocksFreq                        0x08000ab7   Thumb Code   192  stm32f10x_rcc.o(.text)
    RCC_AHBPeriphClockCmd                    0x08000b77   Thumb Code    26  stm32f10x_rcc.o(.text)
    RCC_APB2PeriphClockCmd                   0x08000b91   Thumb Code    26  stm32f10x_rcc.o(.text)
    RCC_APB1PeriphClockCmd                   0x08000bab   Thumb Code    26  stm32f10x_rcc.o(.text)
    RCC_APB2PeriphResetCmd                   0x08000bc5   Thumb Code    26  stm32f10x_rcc.o(.text)
    RCC_APB1PeriphResetCmd                   0x08000bdf   Thumb Code    26  stm32f10x_rcc.o(.text)
    RCC_BackupResetCmd                       0x08000bf9   Thumb Code     8  stm32f10x_rcc.o(.text)
    RCC_ClockSecuritySystemCmd               0x08000c01   Thumb Code     6  stm32f10x_rcc.o(.text)
    RCC_MCOConfig                            0x08000c07   Thumb Code     6  stm32f10x_rcc.o(.text)
    RCC_ClearFlag                            0x08000c0d   Thumb Code    14  stm32f10x_rcc.o(.text)
    RCC_GetITStatus                          0x08000c1b   Thumb Code    20  stm32f10x_rcc.o(.text)
    RCC_ClearITPendingBit                    0x08000c2f   Thumb Code     6  stm32f10x_rcc.o(.text)
    USART_DeInit                             0x08000c59   Thumb Code   134  stm32f10x_usart.o(.text)
    USART_Init                               0x08000cdf   Thumb Code   210  stm32f10x_usart.o(.text)
    USART_StructInit                         0x08000db1   Thumb Code    24  stm32f10x_usart.o(.text)
    USART_ClockInit                          0x08000dc9   Thumb Code    34  stm32f10x_usart.o(.text)
    USART_ClockStructInit                    0x08000deb   Thumb Code    12  stm32f10x_usart.o(.text)
    USART_Cmd                                0x08000df7   Thumb Code    24  stm32f10x_usart.o(.text)
    USART_ITConfig                           0x08000e0f   Thumb Code    74  stm32f10x_usart.o(.text)
    USART_DMACmd                             0x08000e59   Thumb Code    18  stm32f10x_usart.o(.text)
    USART_SetAddress                         0x08000e6b   Thumb Code    18  stm32f10x_usart.o(.text)
    USART_WakeUpConfig                       0x08000e7d   Thumb Code    18  stm32f10x_usart.o(.text)
    USART_ReceiverWakeUpCmd                  0x08000e8f   Thumb Code    24  stm32f10x_usart.o(.text)
    USART_LINBreakDetectLengthConfig         0x08000ea7   Thumb Code    18  stm32f10x_usart.o(.text)
    USART_LINCmd                             0x08000eb9   Thumb Code    24  stm32f10x_usart.o(.text)
    USART_SendData                           0x08000ed1   Thumb Code     8  stm32f10x_usart.o(.text)
    USART_ReceiveData                        0x08000ed9   Thumb Code    10  stm32f10x_usart.o(.text)
    USART_SendBreak                          0x08000ee3   Thumb Code    10  stm32f10x_usart.o(.text)
    USART_SetGuardTime                       0x08000eed   Thumb Code    16  stm32f10x_usart.o(.text)
    USART_SetPrescaler                       0x08000efd   Thumb Code    16  stm32f10x_usart.o(.text)
    USART_SmartCardCmd                       0x08000f0d   Thumb Code    24  stm32f10x_usart.o(.text)
    USART_SmartCardNACKCmd                   0x08000f25   Thumb Code    24  stm32f10x_usart.o(.text)
    USART_HalfDuplexCmd                      0x08000f3d   Thumb Code    24  stm32f10x_usart.o(.text)
    USART_OverSampling8Cmd                   0x08000f55   Thumb Code    22  stm32f10x_usart.o(.text)
    USART_OneBitMethodCmd                    0x08000f6b   Thumb Code    24  stm32f10x_usart.o(.text)
    USART_IrDAConfig                         0x08000f83   Thumb Code    18  stm32f10x_usart.o(.text)
    USART_IrDACmd                            0x08000f95   Thumb Code    24  stm32f10x_usart.o(.text)
    USART_GetFlagStatus                      0x08000fad   Thumb Code    26  stm32f10x_usart.o(.text)
    USART_ClearFlag                          0x08000fc7   Thumb Code    18  stm32f10x_usart.o(.text)
    USART_GetITStatus                        0x08000fd9   Thumb Code    84  stm32f10x_usart.o(.text)
    USART_ClearITPendingBit                  0x0800102d   Thumb Code    52  stm32f10x_usart.o(.text)
    delay_init                               0x08001061   Thumb Code    50  delay.o(.text)
    delay_us                                 0x08001093   Thumb Code    72  delay.o(.text)
    delay_ms                                 0x080010db   Thumb Code    72  delay.o(.text)
    NVIC_Configuration                       0x08001135   Thumb Code    12  sys.o(.text)
    _sys_exit                                0x08001141   Thumb Code     6  usart.o(.text)
    fputc                                    0x08001147   Thumb Code    24  usart.o(.text)
    uart_init                                0x0800115f   Thumb Code   152  usart.o(.text)
    USART1_IRQHandler                        0x080011f7   Thumb Code   122  usart.o(.text)
    MPU6050_newValues                        0x0800138d   Thumb Code   494  mpu6050.o(.text)
    MPU6050_setClockSource                   0x0800157b   Thumb Code    20  mpu6050.o(.text)
    MPU6050_setFullScaleGyroRange            0x0800158f   Thumb Code    20  mpu6050.o(.text)
    MPU6050_setFullScaleAccelRange           0x080015a3   Thumb Code    20  mpu6050.o(.text)
    MPU6050_setSleepEnabled                  0x080015b7   Thumb Code    18  mpu6050.o(.text)
    MPU6050_getDeviceID                      0x080015c9   Thumb Code    20  mpu6050.o(.text)
    MPU6050_testConnection                   0x080015dd   Thumb Code    18  mpu6050.o(.text)
    MPU6050_setI2CMasterModeEnabled          0x080015ef   Thumb Code    18  mpu6050.o(.text)
    MPU6050_setI2CBypassEnabled              0x08001601   Thumb Code    18  mpu6050.o(.text)
    MPU6050_initialize                       0x08001613   Thumb Code    40  mpu6050.o(.text)
    DMP_Init                                 0x0800163b   Thumb Code   194  mpu6050.o(.text)
    Read_DMP                                 0x080016fd   Thumb Code   962  mpu6050.o(.text)
    Read_Temperature                         0x08001abf   Thumb Code   110  mpu6050.o(.text)
    IIC_Init                                 0x08001b41   Thumb Code    38  ioi2c.o(.text)
    IIC_Start                                0x08001b67   Thumb Code    92  ioi2c.o(.text)
    IIC_Stop                                 0x08001bc3   Thumb Code    64  ioi2c.o(.text)
    IIC_Wait_Ack                             0x08001c03   Thumb Code    92  ioi2c.o(.text)
    IIC_Ack                                  0x08001c5f   Thumb Code    68  ioi2c.o(.text)
    IIC_NAck                                 0x08001ca3   Thumb Code    66  ioi2c.o(.text)
    IIC_Send_Byte                            0x08001ce5   Thumb Code    90  ioi2c.o(.text)
    i2cWrite                                 0x08001d3f   Thumb Code    96  ioi2c.o(.text)
    IIC_Read_Byte                            0x08001d9f   Thumb Code   100  ioi2c.o(.text)
    i2cRead                                  0x08001e03   Thumb Code   118  ioi2c.o(.text)
    I2C_ReadOneByte                          0x08001e79   Thumb Code    70  ioi2c.o(.text)
    IICreadBytes                             0x08001ebf   Thumb Code   100  ioi2c.o(.text)
    IICwriteBytes                            0x08001f23   Thumb Code    82  ioi2c.o(.text)
    IICreadByte                              0x08001f75   Thumb Code    22  ioi2c.o(.text)
    IICwriteByte                             0x08001f8b   Thumb Code    20  ioi2c.o(.text)
    IICwriteBits                             0x08001f9f   Thumb Code   106  ioi2c.o(.text)
    IICwriteBit                              0x08002009   Thumb Code    64  ioi2c.o(.text)
    dmp_load_motion_driver_firmware          0x08002049   Thumb Code    20  inv_mpu_dmp_motion_driver.o(.text)
    dmp_set_orientation                      0x0800205d   Thumb Code   290  inv_mpu_dmp_motion_driver.o(.text)
    dmp_set_gyro_bias                        0x0800217f   Thumb Code   294  inv_mpu_dmp_motion_driver.o(.text)
    dmp_set_accel_bias                       0x080022a5   Thumb Code   300  inv_mpu_dmp_motion_driver.o(.text)
    dmp_set_fifo_rate                        0x080023d1   Thumb Code   136  inv_mpu_dmp_motion_driver.o(.text)
    dmp_get_fifo_rate                        0x08002459   Thumb Code    12  inv_mpu_dmp_motion_driver.o(.text)
    dmp_set_tap_thresh                       0x08002465   Thumb Code   396  inv_mpu_dmp_motion_driver.o(.text)
    dmp_set_tap_axes                         0x080025f1   Thumb Code    70  inv_mpu_dmp_motion_driver.o(.text)
    dmp_set_tap_count                        0x08002637   Thumb Code    38  inv_mpu_dmp_motion_driver.o(.text)
    dmp_set_tap_time                         0x0800265d   Thumb Code    38  inv_mpu_dmp_motion_driver.o(.text)
    dmp_set_tap_time_multi                   0x08002683   Thumb Code    38  inv_mpu_dmp_motion_driver.o(.text)
    dmp_set_shake_reject_thresh              0x080026a9   Thumb Code    56  inv_mpu_dmp_motion_driver.o(.text)
    dmp_set_shake_reject_time                0x080026e1   Thumb Code    38  inv_mpu_dmp_motion_driver.o(.text)
    dmp_set_shake_reject_timeout             0x08002707   Thumb Code    38  inv_mpu_dmp_motion_driver.o(.text)
    dmp_get_pedometer_step_count             0x0800272d   Thumb Code    66  inv_mpu_dmp_motion_driver.o(.text)
    dmp_set_pedometer_step_count             0x0800276f   Thumb Code    42  inv_mpu_dmp_motion_driver.o(.text)
    dmp_get_pedometer_walk_time              0x08002799   Thumb Code    72  inv_mpu_dmp_motion_driver.o(.text)
    dmp_set_pedometer_walk_time              0x080027e1   Thumb Code    48  inv_mpu_dmp_motion_driver.o(.text)
    dmp_enable_6x_lp_quat                    0x08002811   Thumb Code    84  inv_mpu_dmp_motion_driver.o(.text)
    dmp_enable_lp_quat                       0x08002865   Thumb Code    60  inv_mpu_dmp_motion_driver.o(.text)
    dmp_enable_gyro_cal                      0x080028a1   Thumb Code    62  inv_mpu_dmp_motion_driver.o(.text)
    dmp_enable_feature                       0x080028df   Thumb Code   530  inv_mpu_dmp_motion_driver.o(.text)
    dmp_get_enabled_features                 0x08002af1   Thumb Code    12  inv_mpu_dmp_motion_driver.o(.text)
    dmp_set_interrupt_mode                   0x08002b5b   Thumb Code    66  inv_mpu_dmp_motion_driver.o(.text)
    dmp_read_fifo                            0x08002b9d   Thumb Code   514  inv_mpu_dmp_motion_driver.o(.text)
    dmp_register_tap_cb                      0x08002d9f   Thumb Code    10  inv_mpu_dmp_motion_driver.o(.text)
    dmp_register_android_orient_cb           0x08002da9   Thumb Code    10  inv_mpu_dmp_motion_driver.o(.text)
    mpu_reg_dump                             0x08002e43   Thumb Code    72  inv_mpu.o(.text)
    mpu_read_reg                             0x08002e8b   Thumb Code    66  inv_mpu.o(.text)
    mpu_set_int_latched                      0x08002ecd   Thumb Code   102  inv_mpu.o(.text)
    mpu_set_sensors                          0x08002f33   Thumb Code   202  inv_mpu.o(.text)
    mpu_set_bypass                           0x08002ffd   Thumb Code   328  inv_mpu.o(.text)
    mpu_reset_fifo                           0x08003145   Thumb Code   444  inv_mpu.o(.text)
    mpu_configure_fifo                       0x08003301   Thumb Code   106  inv_mpu.o(.text)
    mpu_set_lpf                              0x0800336b   Thumb Code   126  inv_mpu.o(.text)
    mpu_lp_accel_mode                        0x080033e9   Thumb Code   218  inv_mpu.o(.text)
    mpu_set_sample_rate                      0x080034c3   Thumb Code   152  inv_mpu.o(.text)
    mpu_set_accel_fsr                        0x0800355b   Thumb Code   132  inv_mpu.o(.text)
    mpu_set_gyro_fsr                         0x080035df   Thumb Code   132  inv_mpu.o(.text)
    mpu_init                                 0x08003663   Thumb Code   416  inv_mpu.o(.text)
    myget_ms                                 0x08003803   Thumb Code     2  inv_mpu.o(.text)
    mpu_get_gyro_reg                         0x08003805   Thumb Code   110  inv_mpu.o(.text)
    mpu_get_accel_reg                        0x08003873   Thumb Code   110  inv_mpu.o(.text)
    mpu_get_temperature                      0x080038e1   Thumb Code   150  inv_mpu.o(.text)
    mpu_set_accel_bias                       0x08003977   Thumb Code   468  inv_mpu.o(.text)
    mpu_get_gyro_fsr                         0x08003b4b   Thumb Code    64  inv_mpu.o(.text)
    mpu_get_accel_fsr                        0x08003b8b   Thumb Code    72  inv_mpu.o(.text)
    mpu_get_lpf                              0x08003bd3   Thumb Code    74  inv_mpu.o(.text)
    mpu_get_sample_rate                      0x08003c1d   Thumb Code    26  inv_mpu.o(.text)
    mpu_get_compass_sample_rate              0x08003c37   Thumb Code    10  inv_mpu.o(.text)
    mpu_set_compass_sample_rate              0x08003c41   Thumb Code     8  inv_mpu.o(.text)
    mpu_get_gyro_sens                        0x08003c49   Thumb Code    58  inv_mpu.o(.text)
    mpu_get_accel_sens                       0x08003c83   Thumb Code    78  inv_mpu.o(.text)
    mpu_get_fifo_config                      0x08003cd1   Thumb Code    12  inv_mpu.o(.text)
    mpu_get_power_state                      0x08003cdd   Thumb Code    22  inv_mpu.o(.text)
    mpu_get_int_status                       0x08003cf3   Thumb Code    64  inv_mpu.o(.text)
    mpu_read_fifo                            0x08003d33   Thumb Code   520  inv_mpu.o(.text)
    mpu_read_fifo_stream                     0x08003f3b   Thumb Code   186  inv_mpu.o(.text)
    mpu_set_int_level                        0x08003ff5   Thumb Code    12  inv_mpu.o(.text)
    mpu_set_dmp_state                        0x080046d5   Thumb Code   138  inv_mpu.o(.text)
    mpu_run_self_test                        0x0800475f   Thumb Code   278  inv_mpu.o(.text)
    mpu_write_mem                            0x08004875   Thumb Code   122  inv_mpu.o(.text)
    mpu_read_mem                             0x080048ef   Thumb Code   122  inv_mpu.o(.text)
    mpu_load_firmware                        0x08004969   Thumb Code   190  inv_mpu.o(.text)
    mpu_get_dmp_state                        0x08004a27   Thumb Code    14  inv_mpu.o(.text)
    mpu_get_compass_reg                      0x08004a35   Thumb Code     8  inv_mpu.o(.text)
    mpu_get_compass_fsr                      0x08004a3d   Thumb Code     8  inv_mpu.o(.text)
    mpu_lp_motion_interrupt                  0x08004a45   Thumb Code   512  inv_mpu.o(.text)
    __use_no_semihosting                     0x08004c49   Thumb Code     2  use_no_semi_2.o(.text)
    __aeabi_ldivmod                          0x08004c4b   Thumb Code     0  llsdiv.o(.text)
    _ll_sdiv                                 0x08004c4b   Thumb Code    72  llsdiv.o(.text)
    __2printf                                0x08004c95   Thumb Code    20  noretval__2printf.o(.text)
    __printf                                 0x08004cad   Thumb Code   104  __printf.o(.text)
    _printf_int_dec                          0x08004d15   Thumb Code   104  _printf_dec.o(.text)
    memcmp                                   0x08004d8d   Thumb Code    88  memcmp.o(.text)
    __aeabi_memset                           0x08004de5   Thumb Code    16  aeabi_memset.o(.text)
    __use_two_region_memory                  0x08004df5   Thumb Code     2  heapauxi.o(.text)
    __rt_heap_escrow$2region                 0x08004df7   Thumb Code     2  heapauxi.o(.text)
    __rt_heap_expand$2region                 0x08004df9   Thumb Code     2  heapauxi.o(.text)
    __I$use$semihosting                      0x08004dfb   Thumb Code     0  use_no_semi.o(.text)
    __use_no_semihosting_swi                 0x08004dfb   Thumb Code     2  use_no_semi.o(.text)
    __aeabi_uldivmod                         0x08004dfd   Thumb Code     0  lludivv7m.o(.text)
    _ll_udiv                                 0x08004dfd   Thumb Code   238  lludivv7m.o(.text)
    __read_errno                             0x08004eeb   Thumb Code    10  _rserrno.o(.text)
    __set_errno                              0x08004ef5   Thumb Code    12  _rserrno.o(.text)
    _printf_int_common                       0x08004f01   Thumb Code   178  _printf_intcommon.o(.text)
    __lib_sel_fp_printf                      0x08004fb3   Thumb Code     2  _printf_fp_dec.o(.text)
    _printf_fp_dec_real                      0x08005161   Thumb Code   620  _printf_fp_dec.o(.text)
    _printf_char_file                        0x080053cd   Thumb Code    32  _printf_char_file.o(.text)
    __aeabi_memclr                           0x080053f1   Thumb Code     0  rt_memclr.o(.text)
    __rt_memclr                              0x080053f1   Thumb Code    68  rt_memclr.o(.text)
    _memset                                  0x080053f5   Thumb Code     0  rt_memclr.o(.text)
    __rt_locale                              0x08005435   Thumb Code     8  rt_locale_intlibspace.o(.text)
    __aeabi_errno_addr                       0x0800543d   Thumb Code     8  rt_errno_addr_intlibspace.o(.text)
    __errno$intlibspace                      0x0800543d   Thumb Code     0  rt_errno_addr_intlibspace.o(.text)
    __rt_errno_addr$intlibspace              0x0800543d   Thumb Code     0  rt_errno_addr_intlibspace.o(.text)
    _ll_udiv10                               0x08005445   Thumb Code   138  lludiv10.o(.text)
    _printf_char_common                      0x080054db   Thumb Code    32  _printf_char_common.o(.text)
    _printf_fp_infnan                        0x08005501   Thumb Code   112  _printf_fp_infnan.o(.text)
    _btod_etento                             0x08005581   Thumb Code   216  bigflt0.o(.text)
    ferror                                   0x0800565d   Thumb Code     8  ferror.o(.text)
    __aeabi_memclr4                          0x08005665   Thumb Code     0  rt_memclr_w.o(.text)
    __aeabi_memclr8                          0x08005665   Thumb Code     0  rt_memclr_w.o(.text)
    __rt_memclr_w                            0x08005665   Thumb Code    78  rt_memclr_w.o(.text)
    _memset_w                                0x08005669   Thumb Code     0  rt_memclr_w.o(.text)
    __user_libspace                          0x080056b5   Thumb Code     8  libspace.o(.text)
    __user_perproc_libspace                  0x080056b5   Thumb Code     0  libspace.o(.text)
    __user_perthread_libspace                0x080056b5   Thumb Code     0  libspace.o(.text)
    __user_setup_stackheap                   0x080056bd   Thumb Code    74  sys_stackheap_outer.o(.text)
    exit                                     0x08005707   Thumb Code    12  exit.o(.text)
    strcmp                                   0x08005715   Thumb Code   128  strcmpv7m.o(.text)
    _btod_d2e                                0x08005795   Thumb Code    62  btod.o(CL$$btod_d2e)
    _d2e_denorm_low                          0x080057d3   Thumb Code    70  btod.o(CL$$btod_d2e_denorm_low)
    _d2e_norm_op1                            0x08005819   Thumb Code    96  btod.o(CL$$btod_d2e_norm_op1)
    __btod_div_common                        0x08005879   Thumb Code   696  btod.o(CL$$btod_div_common)
    _e2e                                     0x08005bb1   Thumb Code   198  btod.o(CL$$btod_e2e)
    _btod_ediv                               0x08005c77   Thumb Code    40  btod.o(CL$$btod_ediv)
    _btod_emul                               0x08005c9f   Thumb Code    40  btod.o(CL$$btod_emul)
    __btod_mult_common                       0x08005cc7   Thumb Code   580  btod.o(CL$$btod_mult_common)
    __ARM_fpclassify                         0x08005f0b   Thumb Code    40  fpclassify.o(i.__ARM_fpclassify)
    __kernel_poly                            0x08005f33   Thumb Code   170  poly.o(i.__kernel_poly)
    __mathlib_dbl_infnan                     0x08005fdd   Thumb Code     6  dunder.o(i.__mathlib_dbl_infnan)
    __mathlib_dbl_infnan2                    0x08005fe3   Thumb Code     4  dunder.o(i.__mathlib_dbl_infnan2)
    __mathlib_dbl_invalid                    0x08005fe7   Thumb Code    12  dunder.o(i.__mathlib_dbl_invalid)
    __mathlib_dbl_underflow                  0x08005ff5   Thumb Code    10  dunder.o(i.__mathlib_dbl_underflow)
    asin                                     0x08006005   Thumb Code   572  asin.o(i.asin)
    atan                                     0x08006275   Thumb Code   474  atan.o(i.atan)
    atan2                                    0x08006495   Thumb Code   346  atan2.o(i.atan2)
    sqrt                                     0x08006615   Thumb Code    76  sqrt.o(i.sqrt)
    _get_lc_numeric                          0x08006661   Thumb Code    44  lc_numeric_c.o(locale$$code)
    __aeabi_d2f                              0x0800668d   Thumb Code     0  d2f.o(x$fpl$d2f)
    _d2f                                     0x0800668d   Thumb Code    98  d2f.o(x$fpl$d2f)
    __aeabi_dadd                             0x080066f1   Thumb Code     0  daddsub_clz.o(x$fpl$dadd)
    _dadd                                    0x080066f1   Thumb Code   332  daddsub_clz.o(x$fpl$dadd)
    __fpl_dcheck_NaN1                        0x08006841   Thumb Code    10  dcheck1.o(x$fpl$dcheck1)
    __aeabi_ddiv                             0x08006851   Thumb Code     0  ddiv.o(x$fpl$ddiv)
    _ddiv                                    0x08006851   Thumb Code   552  ddiv.o(x$fpl$ddiv)
    __aeabi_dmul                             0x08006b01   Thumb Code     0  dmul.o(x$fpl$dmul)
    _dmul                                    0x08006b01   Thumb Code   332  dmul.o(x$fpl$dmul)
    __fpl_dnaninf                            0x08006c55   Thumb Code   156  dnaninf.o(x$fpl$dnaninf)
    __fpl_dretinf                            0x08006cf1   Thumb Code    12  dretinf.o(x$fpl$dretinf)
    __aeabi_drsub                            0x08006cfd   Thumb Code     0  daddsub_clz.o(x$fpl$drsb)
    _drsb                                    0x08006cfd   Thumb Code    22  daddsub_clz.o(x$fpl$drsb)
    _dsqrt                                   0x08006d15   Thumb Code   456  dsqrt_noumaal.o(x$fpl$dsqrt)
    __aeabi_dsub                             0x08006ee1   Thumb Code     0  daddsub_clz.o(x$fpl$dsub)
    _dsub                                    0x08006ee1   Thumb Code   464  daddsub_clz.o(x$fpl$dsub)
    __aeabi_f2d                              0x080070b5   Thumb Code     0  f2d.o(x$fpl$f2d)
    _f2d                                     0x080070b5   Thumb Code    86  f2d.o(x$fpl$f2d)
    __aeabi_fadd                             0x0800710d   Thumb Code     0  faddsub_clz.o(x$fpl$fadd)
    _fadd                                    0x0800710d   Thumb Code   196  faddsub_clz.o(x$fpl$fadd)
    __fpl_fcmp_Inf                           0x080071d1   Thumb Code    24  fcmpi.o(x$fpl$fcmpinf)
    __aeabi_fdiv                             0x080071e9   Thumb Code     0  fdiv.o(x$fpl$fdiv)
    _fdiv                                    0x080071e9   Thumb Code   384  fdiv.o(x$fpl$fdiv)
    __aeabi_cfcmpeq                          0x0800736d   Thumb Code     0  feqf.o(x$fpl$feqf)
    _fcmpeq                                  0x0800736d   Thumb Code   104  feqf.o(x$fpl$feqf)
    __aeabi_f2iz                             0x080073d5   Thumb Code     0  ffix.o(x$fpl$ffix)
    _ffix                                    0x080073d5   Thumb Code    54  ffix.o(x$fpl$ffix)
    __aeabi_f2uiz                            0x0800740d   Thumb Code     0  ffixu.o(x$fpl$ffixu)
    _ffixu                                   0x0800740d   Thumb Code    62  ffixu.o(x$fpl$ffixu)
    __aeabi_i2f                              0x0800744d   Thumb Code     0  fflt_clz.o(x$fpl$fflt)
    _fflt                                    0x0800744d   Thumb Code    48  fflt_clz.o(x$fpl$fflt)
    __aeabi_ui2f                             0x0800747d   Thumb Code     0  fflt_clz.o(x$fpl$ffltu)
    _ffltu                                   0x0800747d   Thumb Code    38  fflt_clz.o(x$fpl$ffltu)
    __aeabi_cfcmple                          0x080074a5   Thumb Code     0  fleqf.o(x$fpl$fleqf)
    _fcmple                                  0x080074a5   Thumb Code   104  fleqf.o(x$fpl$fleqf)
    __fpl_fcmple_InfNaN                      0x080074f7   Thumb Code     0  fleqf.o(x$fpl$fleqf)
    __aeabi_fmul                             0x0800750d   Thumb Code     0  fmul.o(x$fpl$fmul)
    _fmul                                    0x0800750d   Thumb Code   258  fmul.o(x$fpl$fmul)
    __fpl_fnaninf                            0x0800760f   Thumb Code   140  fnaninf.o(x$fpl$fnaninf)
    __fpl_fretinf                            0x0800769b   Thumb Code    10  fretinf.o(x$fpl$fretinf)
    __aeabi_cfrcmple                         0x080076a5   Thumb Code     0  frleqf.o(x$fpl$frleqf)
    _frcmple                                 0x080076a5   Thumb Code    98  frleqf.o(x$fpl$frleqf)
    __aeabi_fsub                             0x08007709   Thumb Code     0  faddsub_clz.o(x$fpl$fsub)
    _fsub                                    0x08007709   Thumb Code   234  faddsub_clz.o(x$fpl$fsub)
    _printf_fp_dec                           0x080077f3   Thumb Code     4  printf1.o(x$fpl$printf1)
    __fpl_return_NaN                         0x080077f7   Thumb Code   100  retnan.o(x$fpl$retnan)
    __ARM_scalbn                             0x0800785b   Thumb Code    92  scalbn.o(x$fpl$scalbn)
    __fpl_cmpreturn                          0x080078b7   Thumb Code    48  trapv.o(x$fpl$trapveneer)
    __I$use$fp                               0x080078e6   Number         0  usenofp.o(x$fpl$usenofp)
    hw                                       0x080084dc   Data          12  inv_mpu.o(.constdata)
    reg                                      0x080084e8   Data          27  inv_mpu.o(.constdata)
    test                                     0x08008504   Data          40  inv_mpu.o(.constdata)
    __mathlib_zero                           0x08008618   Data           8  qnan.o(.constdata)
    Region$$Table$$Base                      0x08008704   Number         0  anon$$obj.o(Region$$Table)
    Region$$Table$$Limit                     0x08008724   Number         0  anon$$obj.o(Region$$Table)
    SystemCoreClock                          0x20000000   Data           4  system_stm32f10x.o(.data)
    AHBPrescTable                            0x20000004   Data          16  system_stm32f10x.o(.data)
    __stdout                                 0x2000002c   Data           4  usart.o(.data)
    USART_RX_STA                             0x20000030   Data           2  usart.o(.data)
    Gx_offset                                0x2000003c   Data           2  mpu6050.o(.data)
    Gy_offset                                0x2000003e   Data           2  mpu6050.o(.data)
    Gz_offset                                0x20000040   Data           2  mpu6050.o(.data)
    USART_RX_BUF                             0x20000070   Data         200  usart.o(.bss)
    buffer                                   0x20000138   Data          14  mpu6050.o(.bss)
    MPU6050_FIFO                             0x20000146   Data         132  mpu6050.o(.bss)
    __libspace_start                         0x200001dc   Data          96  libspace.o(.bss)
    __temporary_stack_top$libspace           0x2000023c   Data           0  libspace.o(.bss)



==============================================================================

Memory Map of the image

  Image Entry point : 0x080000ed

  Load Region LR_IROM1 (Base: 0x08000000, Size: 0x000087b0, Max: 0x00040000, ABSOLUTE)

    Execution Region ER_IROM1 (Base: 0x08000000, Size: 0x00008740, Max: 0x00040000, ABSOLUTE)

    Base Addr    Size         Type   Attr      Idx    E Section Name        Object

    0x08000000   0x000000ec   Data   RO          114    RESET               startup_stm32f10x_md.o
    0x080000ec   0x00000008   Code   RO          397  * !!!main             c_w.l(__main.o)
    0x080000f4   0x00000034   Code   RO          760    !!!scatter          c_w.l(__scatter.o)
    0x08000128   0x0000001a   Code   RO          762    !!handler_copy      c_w.l(__scatter_copy.o)
    0x08000142   0x00000002   PAD
    0x08000144   0x0000001c   Code   RO          764    !!handler_zi        c_w.l(__scatter_zi.o)
    0x08000160   0x00000000   Code   RO          390    .ARM.Collect$$_printf_percent$$00000000  c_w.l(_printf_percent.o)
    0x08000160   0x00000006   Code   RO          389    .ARM.Collect$$_printf_percent$$00000003  c_w.l(_printf_f.o)
    0x08000166   0x00000006   Code   RO          388    .ARM.Collect$$_printf_percent$$00000009  c_w.l(_printf_d.o)
    0x0800016c   0x00000004   Code   RO          476    .ARM.Collect$$_printf_percent$$00000017  c_w.l(_printf_percent_end.o)
    0x08000170   0x00000002   Code   RO          628    .ARM.Collect$$libinit$$00000000  c_w.l(libinit.o)
    0x08000172   0x00000000   Code   RO          630    .ARM.Collect$$libinit$$00000002  c_w.l(libinit2.o)
    0x08000172   0x00000000   Code   RO          632    .ARM.Collect$$libinit$$00000004  c_w.l(libinit2.o)
    0x08000172   0x00000000   Code   RO          635    .ARM.Collect$$libinit$$0000000A  c_w.l(libinit2.o)
    0x08000172   0x00000000   Code   RO          637    .ARM.Collect$$libinit$$0000000C  c_w.l(libinit2.o)
    0x08000172   0x00000000   Code   RO          639    .ARM.Collect$$libinit$$0000000E  c_w.l(libinit2.o)
    0x08000172   0x00000006   Code   RO          640    .ARM.Collect$$libinit$$0000000F  c_w.l(libinit2.o)
    0x08000178   0x00000000   Code   RO          642    .ARM.Collect$$libinit$$00000011  c_w.l(libinit2.o)
    0x08000178   0x00000000   Code   RO          644    .ARM.Collect$$libinit$$00000013  c_w.l(libinit2.o)
    0x08000178   0x00000000   Code   RO          646    .ARM.Collect$$libinit$$00000015  c_w.l(libinit2.o)
    0x08000178   0x0000000a   Code   RO          647    .ARM.Collect$$libinit$$00000016  c_w.l(libinit2.o)
    0x08000182   0x00000000   Code   RO          648    .ARM.Collect$$libinit$$00000017  c_w.l(libinit2.o)
    0x08000182   0x00000000   Code   RO          650    .ARM.Collect$$libinit$$00000019  c_w.l(libinit2.o)
    0x08000182   0x00000000   Code   RO          652    .ARM.Collect$$libinit$$0000001B  c_w.l(libinit2.o)
    0x08000182   0x00000000   Code   RO          654    .ARM.Collect$$libinit$$0000001D  c_w.l(libinit2.o)
    0x08000182   0x00000000   Code   RO          656    .ARM.Collect$$libinit$$0000001F  c_w.l(libinit2.o)
    0x08000182   0x00000000   Code   RO          658    .ARM.Collect$$libinit$$00000021  c_w.l(libinit2.o)
    0x08000182   0x00000000   Code   RO          660    .ARM.Collect$$libinit$$00000023  c_w.l(libinit2.o)
    0x08000182   0x00000000   Code   RO          662    .ARM.Collect$$libinit$$00000025  c_w.l(libinit2.o)
    0x08000182   0x00000000   Code   RO          666    .ARM.Collect$$libinit$$0000002C  c_w.l(libinit2.o)
    0x08000182   0x00000000   Code   RO          668    .ARM.Collect$$libinit$$0000002E  c_w.l(libinit2.o)
    0x08000182   0x00000000   Code   RO          670    .ARM.Collect$$libinit$$00000030  c_w.l(libinit2.o)
    0x08000182   0x00000000   Code   RO          672    .ARM.Collect$$libinit$$00000032  c_w.l(libinit2.o)
    0x08000182   0x00000002   Code   RO          673    .ARM.Collect$$libinit$$00000033  c_w.l(libinit2.o)
    0x08000184   0x00000002   Code   RO          721    .ARM.Collect$$libshutdown$$00000000  c_w.l(libshutdown.o)
    0x08000186   0x00000000   Code   RO          731    .ARM.Collect$$libshutdown$$00000003  c_w.l(libshutdown2.o)
    0x08000186   0x00000000   Code   RO          734    .ARM.Collect$$libshutdown$$00000006  c_w.l(libshutdown2.o)
    0x08000186   0x00000000   Code   RO          737    .ARM.Collect$$libshutdown$$00000009  c_w.l(libshutdown2.o)
    0x08000186   0x00000000   Code   RO          739    .ARM.Collect$$libshutdown$$0000000B  c_w.l(libshutdown2.o)
    0x08000186   0x00000000   Code   RO          742    .ARM.Collect$$libshutdown$$0000000E  c_w.l(libshutdown2.o)
    0x08000186   0x00000002   Code   RO          743    .ARM.Collect$$libshutdown$$0000000F  c_w.l(libshutdown2.o)
    0x08000188   0x00000000   Code   RO          465    .ARM.Collect$$rtentry$$00000000  c_w.l(__rtentry.o)
    0x08000188   0x00000000   Code   RO          534    .ARM.Collect$$rtentry$$00000002  c_w.l(__rtentry2.o)
    0x08000188   0x00000006   Code   RO          546    .ARM.Collect$$rtentry$$00000004  c_w.l(__rtentry4.o)
    0x0800018e   0x00000000   Code   RO          536    .ARM.Collect$$rtentry$$00000009  c_w.l(__rtentry2.o)
    0x0800018e   0x00000004   Code   RO          537    .ARM.Collect$$rtentry$$0000000A  c_w.l(__rtentry2.o)
    0x08000192   0x00000000   Code   RO          539    .ARM.Collect$$rtentry$$0000000C  c_w.l(__rtentry2.o)
    0x08000192   0x00000008   Code   RO          540    .ARM.Collect$$rtentry$$0000000D  c_w.l(__rtentry2.o)
    0x0800019a   0x00000002   Code   RO          678    .ARM.Collect$$rtexit$$00000000  c_w.l(rtexit.o)
    0x0800019c   0x00000000   Code   RO          691    .ARM.Collect$$rtexit$$00000002  c_w.l(rtexit2.o)
    0x0800019c   0x00000004   Code   RO          692    .ARM.Collect$$rtexit$$00000003  c_w.l(rtexit2.o)
    0x080001a0   0x00000006   Code   RO          693    .ARM.Collect$$rtexit$$00000004  c_w.l(rtexit2.o)
    0x080001a6   0x00000002   PAD
    0x080001a8   0x0000009c   Code   RO            1    .text               main.o
    0x08000244   0x00000018   Code   RO           68    .text               stm32f10x_it.o
    0x0800025c   0x000001e0   Code   RO           83    .text               system_stm32f10x.o
    0x0800043c   0x00000040   Code   RO          115    .text               startup_stm32f10x_md.o
    0x0800047c   0x000000dc   Code   RO          119    .text               misc.o
    0x08000558   0x0000035c   Code   RO          148    .text               stm32f10x_gpio.o
    0x080008b4   0x000003a4   Code   RO          160    .text               stm32f10x_rcc.o
    0x08000c58   0x00000408   Code   RO          174    .text               stm32f10x_usart.o
    0x08001060   0x000000d4   Code   RO          198    .text               delay.o
    0x08001134   0x0000000c   Code   RO          212    .text               sys.o
    0x08001140   0x00000140   Code   RO          224    .text               usart.o
    0x08001280   0x000008c0   Code   RO          247    .text               mpu6050.o
    0x08001b40   0x00000508   Code   RO          288    .text               ioi2c.o
    0x08002048   0x00000d70   Code   RO          300    .text               inv_mpu_dmp_motion_driver.o
    0x08002db8   0x00001e90   Code   RO          327    .text               inv_mpu.o
    0x08004c48   0x00000002   Code   RO          356    .text               c_w.l(use_no_semi_2.o)
    0x08004c4a   0x00000048   Code   RO          358    .text               c_w.l(llsdiv.o)
    0x08004c92   0x00000002   PAD
    0x08004c94   0x00000018   Code   RO          362    .text               c_w.l(noretval__2printf.o)
    0x08004cac   0x00000068   Code   RO          364    .text               c_w.l(__printf.o)
    0x08004d14   0x00000078   Code   RO          366    .text               c_w.l(_printf_dec.o)
    0x08004d8c   0x00000058   Code   RO          391    .text               c_w.l(memcmp.o)
    0x08004de4   0x00000010   Code   RO          393    .text               c_w.l(aeabi_memset.o)
    0x08004df4   0x00000006   Code   RO          395    .text               c_w.l(heapauxi.o)
    0x08004dfa   0x00000002   Code   RO          463    .text               c_w.l(use_no_semi.o)
    0x08004dfc   0x000000ee   Code   RO          466    .text               c_w.l(lludivv7m.o)
    0x08004eea   0x00000016   Code   RO          468    .text               c_w.l(_rserrno.o)
    0x08004f00   0x000000b2   Code   RO          470    .text               c_w.l(_printf_intcommon.o)
    0x08004fb2   0x0000041a   Code   RO          472    .text               c_w.l(_printf_fp_dec.o)
    0x080053cc   0x00000024   Code   RO          474    .text               c_w.l(_printf_char_file.o)
    0x080053f0   0x00000044   Code   RO          477    .text               c_w.l(rt_memclr.o)
    0x08005434   0x00000008   Code   RO          555    .text               c_w.l(rt_locale_intlibspace.o)
    0x0800543c   0x00000008   Code   RO          560    .text               c_w.l(rt_errno_addr_intlibspace.o)
    0x08005444   0x0000008a   Code   RO          562    .text               c_w.l(lludiv10.o)
    0x080054ce   0x00000002   PAD
    0x080054d0   0x00000030   Code   RO          564    .text               c_w.l(_printf_char_common.o)
    0x08005500   0x00000080   Code   RO          566    .text               c_w.l(_printf_fp_infnan.o)
    0x08005580   0x000000dc   Code   RO          568    .text               c_w.l(bigflt0.o)
    0x0800565c   0x00000008   Code   RO          593    .text               c_w.l(ferror.o)
    0x08005664   0x0000004e   Code   RO          600    .text               c_w.l(rt_memclr_w.o)
    0x080056b2   0x00000002   PAD
    0x080056b4   0x00000008   Code   RO          610    .text               c_w.l(libspace.o)
    0x080056bc   0x0000004a   Code   RO          613    .text               c_w.l(sys_stackheap_outer.o)
    0x08005706   0x0000000c   Code   RO          619    .text               c_w.l(exit.o)
    0x08005712   0x00000002   PAD
    0x08005714   0x00000080   Code   RO          621    .text               c_w.l(strcmpv7m.o)
    0x08005794   0x0000003e   Code   RO          571    CL$$btod_d2e        c_w.l(btod.o)
    0x080057d2   0x00000046   Code   RO          573    CL$$btod_d2e_denorm_low  c_w.l(btod.o)
    0x08005818   0x00000060   Code   RO          572    CL$$btod_d2e_norm_op1  c_w.l(btod.o)
    0x08005878   0x00000338   Code   RO          581    CL$$btod_div_common  c_w.l(btod.o)
    0x08005bb0   0x000000c6   Code   RO          578    CL$$btod_e2e        c_w.l(btod.o)
    0x08005c76   0x00000028   Code   RO          575    CL$$btod_ediv       c_w.l(btod.o)
    0x08005c9e   0x00000028   Code   RO          574    CL$$btod_emul       c_w.l(btod.o)
    0x08005cc6   0x00000244   Code   RO          580    CL$$btod_mult_common  c_w.l(btod.o)
    0x08005f0a   0x00000028   Code   RO          520    i.__ARM_fpclassify  m_ws.l(fpclassify.o)
    0x08005f32   0x000000aa   Code   RO          522    i.__kernel_poly     m_ws.l(poly.o)
    0x08005fdc   0x00000006   Code   RO          507    i.__mathlib_dbl_infnan  m_ws.l(dunder.o)
    0x08005fe2   0x00000004   Code   RO          508    i.__mathlib_dbl_infnan2  m_ws.l(dunder.o)
    0x08005fe6   0x0000000c   Code   RO          509    i.__mathlib_dbl_invalid  m_ws.l(dunder.o)
    0x08005ff2   0x00000002   PAD
    0x08005ff4   0x00000010   Code   RO          512    i.__mathlib_dbl_underflow  m_ws.l(dunder.o)
    0x08006004   0x00000270   Code   RO          446    i.asin              m_ws.l(asin.o)
    0x08006274   0x00000220   Code   RO          497    i.atan              m_ws.l(atan.o)
    0x08006494   0x00000180   Code   RO          456    i.atan2             m_ws.l(atan2.o)
    0x08006614   0x0000004c   Code   RO          526    i.sqrt              m_ws.l(sqrt.o)
    0x08006660   0x0000002c   Code   RO          598    locale$$code        c_w.l(lc_numeric_c.o)
    0x0800668c   0x00000062   Code   RO          399    x$fpl$d2f           fz_ws.l(d2f.o)
    0x080066ee   0x00000002   PAD
    0x080066f0   0x00000150   Code   RO          401    x$fpl$dadd          fz_ws.l(daddsub_clz.o)
    0x08006840   0x00000010   Code   RO          602    x$fpl$dcheck1       fz_ws.l(dcheck1.o)
    0x08006850   0x000002b0   Code   RO          480    x$fpl$ddiv          fz_ws.l(ddiv.o)
    0x08006b00   0x00000154   Code   RO          407    x$fpl$dmul          fz_ws.l(dmul.o)
    0x08006c54   0x0000009c   Code   RO          483    x$fpl$dnaninf       fz_ws.l(dnaninf.o)
    0x08006cf0   0x0000000c   Code   RO          485    x$fpl$dretinf       fz_ws.l(dretinf.o)
    0x08006cfc   0x00000016   Code   RO          402    x$fpl$drsb          fz_ws.l(daddsub_clz.o)
    0x08006d12   0x00000002   PAD
    0x08006d14   0x000001cc   Code   RO          606    x$fpl$dsqrt         fz_ws.l(dsqrt_noumaal.o)
    0x08006ee0   0x000001d4   Code   RO          403    x$fpl$dsub          fz_ws.l(daddsub_clz.o)
    0x080070b4   0x00000056   Code   RO          409    x$fpl$f2d           fz_ws.l(f2d.o)
    0x0800710a   0x00000002   PAD
    0x0800710c   0x000000c4   Code   RO          411    x$fpl$fadd          fz_ws.l(faddsub_clz.o)
    0x080071d0   0x00000018   Code   RO          487    x$fpl$fcmpinf       fz_ws.l(fcmpi.o)
    0x080071e8   0x00000184   Code   RO          418    x$fpl$fdiv          fz_ws.l(fdiv.o)
    0x0800736c   0x00000068   Code   RO          421    x$fpl$feqf          fz_ws.l(feqf.o)
    0x080073d4   0x00000036   Code   RO          423    x$fpl$ffix          fz_ws.l(ffix.o)
    0x0800740a   0x00000002   PAD
    0x0800740c   0x0000003e   Code   RO          427    x$fpl$ffixu         fz_ws.l(ffixu.o)
    0x0800744a   0x00000002   PAD
    0x0800744c   0x00000030   Code   RO          432    x$fpl$fflt          fz_ws.l(fflt_clz.o)
    0x0800747c   0x00000026   Code   RO          431    x$fpl$ffltu         fz_ws.l(fflt_clz.o)
    0x080074a2   0x00000002   PAD
    0x080074a4   0x00000068   Code   RO          437    x$fpl$fleqf         fz_ws.l(fleqf.o)
    0x0800750c   0x00000102   Code   RO          439    x$fpl$fmul          fz_ws.l(fmul.o)
    0x0800760e   0x0000008c   Code   RO          489    x$fpl$fnaninf       fz_ws.l(fnaninf.o)
    0x0800769a   0x0000000a   Code   RO          491    x$fpl$fretinf       fz_ws.l(fretinf.o)
    0x080076a4   0x00000062   Code   RO          441    x$fpl$frleqf        fz_ws.l(frleqf.o)
    0x08007706   0x00000002   PAD
    0x08007708   0x000000ea   Code   RO          413    x$fpl$fsub          fz_ws.l(faddsub_clz.o)
    0x080077f2   0x00000004   Code   RO          443    x$fpl$printf1       fz_ws.l(printf1.o)
    0x080077f6   0x00000064   Code   RO          676    x$fpl$retnan        fz_ws.l(retnan.o)
    0x0800785a   0x0000005c   Code   RO          493    x$fpl$scalbn        fz_ws.l(scalbn.o)
    0x080078b6   0x00000030   Code   RO          688    x$fpl$trapveneer    fz_ws.l(trapv.o)
    0x080078e6   0x00000000   Code   RO          495    x$fpl$usenofp       fz_ws.l(usenofp.o)
    0x080078e6   0x00000bf6   Data   RO          302    .constdata          inv_mpu_dmp_motion_driver.o
    0x080084dc   0x00000050   Data   RO          328    .constdata          inv_mpu.o
    0x0800852c   0x00000004   PAD
    0x08008530   0x00000050   Data   RO          447    .constdata          m_ws.l(asin.o)
    0x08008580   0x00000098   Data   RO          498    .constdata          m_ws.l(atan.o)
    0x08008618   0x00000008   Data   RO          524    .constdata          m_ws.l(qnan.o)
    0x08008620   0x00000094   Data   RO          569    .constdata          c_w.l(bigflt0.o)
    0x080086b4   0x0000004e   Data   RO          329    .conststring        inv_mpu.o
    0x08008702   0x00000002   PAD
    0x08008704   0x00000020   Data   RO          758    Region$$Table       anon$$obj.o
    0x08008724   0x0000001c   Data   RO          597    locale$$data        c_w.l(lc_numeric_c.o)


    Execution Region RW_IRAM1 (Base: 0x20000000, Size: 0x00000c40, Max: 0x0000c000, ABSOLUTE)

    Base Addr    Size         Type   Attr      Idx    E Section Name        Object

    0x20000000   0x00000014   Data   RW           84    .data               system_stm32f10x.o
    0x20000014   0x00000014   Data   RW          161    .data               stm32f10x_rcc.o
    0x20000028   0x00000004   Data   RW          199    .data               delay.o
    0x2000002c   0x00000006   Data   RW          226    .data               usart.o
    0x20000032   0x00000010   Data   RW          249    .data               mpu6050.o
    0x20000042   0x00000002   PAD
    0x20000044   0x0000002c   Data   RW          330    .data               inv_mpu.o
    0x20000070   0x000000c8   Zero   RW          225    .bss                usart.o
    0x20000138   0x00000092   Zero   RW          248    .bss                mpu6050.o
    0x200001ca   0x00000002   PAD
    0x200001cc   0x00000010   Zero   RW          301    .bss                inv_mpu_dmp_motion_driver.o
    0x200001dc   0x00000060   Zero   RW          611    .bss                c_w.l(libspace.o)
    0x2000023c   0x00000004   PAD
    0x20000240   0x00000200   Zero   RW          113    HEAP                startup_stm32f10x_md.o
    0x20000440   0x00000800   Zero   RW          112    STACK               startup_stm32f10x_md.o


==============================================================================

Image component sizes


      Code (inc. data)   RO Data    RW Data    ZI Data      Debug   Object Name

         0          0          0          0          0         32   core_cm3.o
       212         18          0          4          0        951   delay.o
      7824        172        158         44          0      20947   inv_mpu.o
      3440        126       3062          0         16      14879   inv_mpu_dmp_motion_driver.o
      1288         12          0          0          0       5342   ioi2c.o
       156         60          0          0          0      28011   main.o
       220         22          0          0          0     206421   misc.o
      2240        398          0         16        146      20844   mpu6050.o
        64         26        236          0       2560        772   startup_stm32f10x_md.o
       860         38          0          0          0       5561   stm32f10x_gpio.o
        24          0          0          0          0       1062   stm32f10x_it.o
       932         36          0         20          0       8696   stm32f10x_rcc.o
      1032         22          0          0          0       8288   stm32f10x_usart.o
        12          0          0          0          0        421   sys.o
       480         38          0         20          0       1647   system_stm32f10x.o
       320         16          0          6        200       3054   usart.o

    ----------------------------------------------------------------------
     19104        984       3494        112       2924     326928   Object Totals
         0          0         32          0          0          0   (incl. Generated)
         0          0          6          2          2          0   (incl. Padding)

    ----------------------------------------------------------------------

      Code (inc. data)   RO Data    RW Data    ZI Data      Debug   Library Member Name

         8          0          0          0          0         68   __main.o
       104          0          0          0          0         84   __printf.o
         0          0          0          0          0          0   __rtentry.o
        12          0          0          0          0          0   __rtentry2.o
         6          0          0          0          0          0   __rtentry4.o
        52          8          0          0          0          0   __scatter.o
        26          0          0          0          0          0   __scatter_copy.o
        28          0          0          0          0          0   __scatter_zi.o
        48          6          0          0          0         96   _printf_char_common.o
        36          4          0          0          0         80   _printf_char_file.o
         6          0          0          0          0          0   _printf_d.o
       120         16          0          0          0         92   _printf_dec.o
         6          0          0          0          0          0   _printf_f.o
      1050          0          0          0          0        216   _printf_fp_dec.o
       128         16          0          0          0         84   _printf_fp_infnan.o
       178          0          0          0          0         88   _printf_intcommon.o
         0          0          0          0          0          0   _printf_percent.o
         4          0          0          0          0          0   _printf_percent_end.o
        22          0          0          0          0        100   _rserrno.o
        16          0          0          0          0         68   aeabi_memset.o
       220          4        148          0          0         96   bigflt0.o
      1910        128          0          0          0        672   btod.o
        12          0          0          0          0         72   exit.o
         8          0          0          0          0         68   ferror.o
         6          0          0          0          0        152   heapauxi.o
        44         10         28          0          0         76   lc_numeric_c.o
         2          0          0          0          0          0   libinit.o
        18          0          0          0          0          0   libinit2.o
         2          0          0          0          0          0   libshutdown.o
         2          0          0          0          0          0   libshutdown2.o
         8          4          0          0         96         68   libspace.o
        72          0          0          0          0         76   llsdiv.o
       138          0          0          0          0         80   lludiv10.o
       238          0          0          0          0        100   lludivv7m.o
        88          0          0          0          0         76   memcmp.o
        24          4          0          0          0         84   noretval__2printf.o
         8          4          0          0          0         68   rt_errno_addr_intlibspace.o
         8          4          0          0          0         68   rt_locale_intlibspace.o
        68          0          0          0          0         68   rt_memclr.o
        78          0          0          0          0         80   rt_memclr_w.o
         2          0          0          0          0          0   rtexit.o
        10          0          0          0          0          0   rtexit2.o
       128          0          0          0          0         68   strcmpv7m.o
        74          0          0          0          0         80   sys_stackheap_outer.o
         2          0          0          0          0         68   use_no_semi.o
         2          0          0          0          0         68   use_no_semi_2.o
        98          4          0          0          0         92   d2f.o
       826         16          0          0          0        348   daddsub_clz.o
        16          4          0          0          0         68   dcheck1.o
       688        140          0          0          0        208   ddiv.o
       340         12          0          0          0        104   dmul.o
       156          4          0          0          0         92   dnaninf.o
        12          0          0          0          0         68   dretinf.o
       460         56          0          0          0        120   dsqrt_noumaal.o
        86          4          0          0          0         84   f2d.o
       430          8          0          0          0        168   faddsub_clz.o
        24          0          0          0          0         68   fcmpi.o
       388         76          0          0          0         96   fdiv.o
       104          4          0          0          0         84   feqf.o
        54          4          0          0          0         84   ffix.o
        62          4          0          0          0         84   ffixu.o
        86          0          0          0          0        136   fflt_clz.o
       104          4          0          0          0         84   fleqf.o
       258          4          0          0          0         84   fmul.o
       140          4          0          0          0         84   fnaninf.o
        10          0          0          0          0         68   fretinf.o
        98          0          0          0          0         68   frleqf.o
         4          0          0          0          0         68   printf1.o
       100          0          0          0          0         68   retnan.o
        92          0          0          0          0         68   scalbn.o
        48          0          0          0          0         68   trapv.o
         0          0          0          0          0          0   usenofp.o
       624         52         80          0          0        168   asin.o
       544         70        152          0          0        124   atan.o
       384         38          0          0          0        144   atan2.o
        38          6          0          0          0        272   dunder.o
        40          0          0          0          0         68   fpclassify.o
       170          0          0          0          0         96   poly.o
         0          0          8          0          0          0   qnan.o
        76          0          0          0          0         84   sqrt.o

    ----------------------------------------------------------------------
     11610        722        416          0        100       6684   Library Totals
        28          0          0          0          4          0   (incl. Padding)

    ----------------------------------------------------------------------

      Code (inc. data)   RO Data    RW Data    ZI Data      Debug   Library Name

      5022        208        176          0         96       3164   c_w.l
      4684        348          0          0          0       2564   fz_ws.l
      1876        166        240          0          0        956   m_ws.l

    ----------------------------------------------------------------------
     11610        722        416          0        100       6684   Library Totals

    ----------------------------------------------------------------------

==============================================================================


      Code (inc. data)   RO Data    RW Data    ZI Data      Debug   

     30714       1706       3910        112       3024     328668   Grand Totals
     30714       1706       3910        112       3024     328668   ELF Image Totals
     30714       1706       3910        112          0          0   ROM Totals

==============================================================================

    Total RO  Size (Code + RO Data)                34624 (  33.81kB)
    Total RW  Size (RW Data + ZI Data)              3136 (   3.06kB)
    Total ROM Size (Code + RO Data + RW Data)      34736 (  33.92kB)

==============================================================================

